Component: ARM Compiler 5.06 update 6 (build 750) Tool: armlink [4d35ed]

==============================================================================

Section Cross References

    system_msp432p401r.o(i.SystemCoreClockUpdate) refers to system_msp432p401r.o(.data) for .data
    startup_msp432p401r_uvision.o(RESET) refers to startup_msp432p401r_uvision.o(STACK) for __initial_sp
    startup_msp432p401r_uvision.o(RESET) refers to startup_msp432p401r_uvision.o(.text) for Reset_Handler
    startup_msp432p401r_uvision.o(RESET) refers to tima.o(i.TA2_N_IRQHandler) for TA2_N_IRQHandler
    startup_msp432p401r_uvision.o(RESET) refers to adc.o(i.DMA_INT1_IRQHandler) for DMA_INT1_IRQHandler
    startup_msp432p401r_uvision.o(.text) refers to system_msp432p401r.o(i.SystemInit) for SystemInit
    startup_msp432p401r_uvision.o(.text) refers to entry.o(.ARM.Collect$$$$00000000) for __main
    main.o(i.main) refers to sysinit.o(i.SysInit) for SysInit
    main.o(i.main) refers to delay.o(i.delay_init) for delay_init
    main.o(i.main) refers to baseboard.o(i.BaseBoardInit) for BaseBoardInit
    main.o(i.main) refers to led.o(i.LED_Init) for LED_Init
    main.o(i.main) refers to usart.o(i.uart_init) for uart_init
    main.o(i.main) refers to oled_driver.o(i.SelectDownOLED) for SelectDownOLED
    main.o(i.main) refers to printfa.o(i.__0printf) for __2printf
    main.o(i.main) refers to led.o(i.LED_W_Tog) for LED_W_Tog
    main.o(i.main) refers to oled_draw.o(i.DrawBitmap) for DrawBitmap
    main.o(i.main) refers to oled_basic.o(i.UpdateScreen) for UpdateScreen
    main.o(i.main) refers to delay.o(i.delay_ms) for delay_ms
    main.o(i.main) refers to oled_bmp.o(.constdata) for TiLOGO
    gamea.o(i.RoundClock) refers to oled_basic.o(i.SetRotateValue) for SetRotateValue
    gamea.o(i.RoundClock) refers to oled_basic.o(i.GetRotateXY) for GetRotateXY
    gamea.o(i.RoundClock) refers to oled_draw.o(i.DrawLine) for DrawLine
    gamea.o(i.RoundClock) refers to oled_draw.o(i.DrawFillCircle) for DrawFillCircle
    gamea.o(i.RoundClock) refers to oled_draw.o(i.DrawCircle) for DrawCircle
    gamea.o(i.RoundClock) refers to oled_basic.o(i.UpdateScreen) for UpdateScreen
    gamea.o(i.RoundClock) refers to oled_basic.o(i.ClearScreen) for ClearScreen
    gamea.o(i.ShowGYH_XY) refers to oled_driver.o(i.SelectDownOLED) for SelectDownOLED
    gamea.o(i.ShowGYH_XY) refers to oled_basic.o(i.ClearScreen) for ClearScreen
    gamea.o(i.ShowGYH_XY) refers to oled_draw.o(i.DrawString) for DrawString
    gamea.o(i.ShowGYH_XY) refers to oled_draw.o(i.DrawNum) for DrawNum
    gamea.o(i.ShowGYH_XY) refers to oled_draw.o(i.DrawLine) for DrawLine
    gamea.o(i.ShowWave_AndTran) refers to arm_sin_f32.o(i.arm_sin_f32) for arm_sin_f32
    gamea.o(i.ShowWave_AndTran) refers to gamea.o(i.Compare_Min) for Compare_Min
    gamea.o(i.ShowWave_AndTran) refers to gamea.o(i.Compare_Max) for Compare_Max
    gamea.o(i.ShowWave_AndTran) refers to oled_driver.o(i.SelectUpOLED) for SelectUpOLED
    gamea.o(i.ShowWave_AndTran) refers to oled_basic.o(i.ClearScreen) for ClearScreen
    gamea.o(i.ShowWave_AndTran) refers to oled_draw.o(i.DrawPixel) for DrawPixel
    gamea.o(i.ShowWave_AndTran) refers to oled_draw.o(i.DrawLine) for DrawLine
    gamea.o(i.ShowWave_AndTran) refers to oled_basic.o(i.UpdateScreen) for UpdateScreen
    gamea.o(i.ShowWave_AndTran) refers to gamea.o(.bss) for .bss
    gamea.o(i.THDx_calculate) refers to f2d.o(.text) for __aeabi_f2d
    gamea.o(i.THDx_calculate) refers to sqrt.o(i.__hardfp_sqrt) for __hardfp_sqrt
    gamea.o(i.THDx_calculate) refers to ddiv.o(.text) for __aeabi_ddiv
    gamea.o(i.THDx_calculate) refers to dmul.o(.text) for __aeabi_dmul
    gamea.o(i.THDx_calculate) refers to ceil.o(i.__hardfp_ceil) for __hardfp_ceil
    gamea.o(i.THDx_calculate) refers to d2f.o(.text) for __aeabi_d2f
    gamea.o(i.THDx_calculate) refers to gamea.o(.data) for .data
    gamea.o(i.THDx_calculate) refers to main.o(.bss) for fft_outputbuf
    gamea.o(i.UpdateGYH) refers to oled_driver.o(i.SelectDownOLED) for SelectDownOLED
    gamea.o(i.UpdateGYH) refers to oled_basic.o(i.ClearScreen) for ClearScreen
    gamea.o(i.UpdateGYH) refers to gamea.o(i.ShowGYH_XY) for ShowGYH_XY
    gamea.o(i.UpdateGYH) refers to f2d.o(.text) for __aeabi_f2d
    gamea.o(i.UpdateGYH) refers to printfa.o(i.__0snprintf) for __2snprintf
    gamea.o(i.UpdateGYH) refers to oled_draw.o(i.DrawString) for DrawString
    gamea.o(i.UpdateGYH) refers to oled_draw.o(i.DrawLine) for DrawLine
    gamea.o(i.UpdateGYH) refers to oled_basic.o(i.UpdateScreen) for UpdateScreen
    gamea.o(i.UpdateGYH) refers to tima.o(.data) for true_T
    gamea.o(i.WaitingAnimat) refers to oled_driver.o(i.SelectUpOLED) for SelectUpOLED
    gamea.o(i.WaitingAnimat) refers to oled_basic.o(i.ClearScreen) for ClearScreen
    gamea.o(i.WaitingAnimat) refers to oled_draw.o(i.DrawBitmap) for DrawBitmap
    gamea.o(i.WaitingAnimat) refers to oled_basic.o(i.UpdateScreen) for UpdateScreen
[...]
    Removing gamea.o(i.FloatMax), (48 bytes).
    Removing gamea.o(i.FloatMax_WithWindow), (50 bytes).
    Removing gamea.o(i.RoundClock), (270 bytes).
    Removing gamea.o(i.ShowGYH_XY), (232 bytes).
    Removing gamea.o(i.ShowWave_AndTran), (452 bytes).
    Removing gamea.o(i.THDx_calculate), (208 bytes).
    Removing gamea.o(i.UpdateGYH), (264 bytes).
    Removing gamea.o(i.WaitingAnimat), (84 bytes).
    Removing gamea.o(i.WaveBox), (234 bytes).
    Removing gamea.o(.bss), (256 bytes).
    Removing gamea.o(.data), (10 bytes).
    Removing adc.o(.rev16_text), (4 bytes).
    Removing adc.o(.revsh_text), (4 bytes).
    Removing adc.o(.rrx_text), (6 bytes).
    Removing adc.o(i.ADC_Config), (124 bytes).
    Removing adc.o(i.adc_dma_init), (128 bytes).
    Removing led.o(.rev16_text), (4 bytes).
    Removing led.o(.revsh_text), (4 bytes).
    Removing led.o(.rrx_text), (6 bytes).
    Removing led.o(i.LED_B_Off), (16 bytes).
    Removing led.o(i.LED_B_On), (16 bytes).
    Removing led.o(i.LED_C_On), (20 bytes).
    Removing led.o(i.LED_G_Off), (16 bytes).
    Removing led.o(i.LED_G_On), (16 bytes).
    Removing led.o(i.LED_P_On), (20 bytes).
    Removing led.o(i.LED_RED_Off), (16 bytes).
    Removing led.o(i.LED_RED_On), (16 bytes).
    Removing led.o(i.LED_RED_Tog), (20 bytes).
    Removing led.o(i.LED_R_Off), (16 bytes).
    Removing led.o(i.LED_R_On), (16 bytes).
    Removing led.o(i.LED_W_Off), (20 bytes).
    Removing led.o(i.LED_W_On), (20 bytes).
    Removing led.o(i.LED_Y_On), (20 bytes).
    Removing led.o(i.blink), (152 bytes).
    Removing tima.o(.rev16_text), (4 bytes).
    Removing tima.o(.revsh_text), (4 bytes).
    Removing tima.o(.rrx_text), (6 bytes).
    Removing tima.o(i.TimA0_Int_Init), (84 bytes).
    Removing tima.o(i.TimA2_Cap_Init), (116 bytes).
    Removing tima.o(.constdata), (80 bytes).
    Removing baseboard.o(.rev16_text), (4 bytes).
    Removing baseboard.o(.revsh_text), (4 bytes).
    Removing baseboard.o(.rrx_text), (6 bytes).
    Removing baseboard.o(i.KEY_Scan), (212 bytes).
    Removing baseboard.o(.data), (1 bytes).
    Removing usart3.o(.rev16_text), (4 bytes).
    Removing usart3.o(.revsh_text), (4 bytes).
    Removing usart3.o(.rrx_text), (6 bytes).
    Removing usart3.o(i.BluetoothSendDate), (184 bytes).
    Removing usart3.o(i.u3_printf), (76 bytes).
    Removing usart3.o(i.usart3_init), (76 bytes).
    Removing usart3.o(.bss), (600 bytes).
    Removing usart3.o(.constdata), (40 bytes).
    Removing usart.o(.rev16_text), (4 bytes).
    Removing usart.o(.revsh_text), (4 bytes).
    Removing usart.o(.rrx_text), (6 bytes).
    Removing usart.o(i._sys_exit), (2 bytes).
    Removing sysinit.o(.rev16_text), (4 bytes).
    Removing sysinit.o(.revsh_text), (4 bytes).
    Removing sysinit.o(.rrx_text), (6 bytes).
    Removing baudrate_calculate.o(.rev16_text), (4 bytes).
    Removing baudrate_calculate.o(.revsh_text), (4 bytes).
    Removing baudrate_calculate.o(.rrx_text), (6 bytes).
    Removing delay.o(.rev16_text), (4 bytes).
    Removing delay.o(.revsh_text), (4 bytes).
    Removing delay.o(.rrx_text), (6 bytes).
    Removing oled_basic.o(i.ClearScreen), (6 bytes).
    Removing oled_basic.o(i.FillByte), (48 bytes).
    Removing oled_basic.o(i.FillRect), (188 bytes).
    Removing oled_basic.o(i.FillVerticalLine), (148 bytes).
    Removing oled_basic.o(i.FloodFill), (96 bytes).
    Removing oled_basic.o(i.FloodFill2), (134 bytes).
    Removing oled_basic.o(i.FrameRateUpdateScreen), (44 bytes).
    Removing oled_basic.o(i.GetLengthDown), (42 bytes).
    Removing oled_basic.o(i.GetLengthUp), (40 bytes).
    Removing oled_basic.o(i.GetRotateXY), (52 bytes).
    Removing oled_basic.o(i.Rotate), (296 bytes).
    Removing oled_basic.o(i.SetAnggleDir), (12 bytes).
    Removing oled_basic.o(i.SetAngle), (56 bytes).
    Removing oled_basic.o(i.SetRotateCenter), (12 bytes).
    Removing oled_basic.o(i.SetRotateValue), (24 bytes).
    Removing oled_basic.o(i.UpdateScreenPiece), (2 bytes).
    Removing oled_basic.o(i.WaitTimeMs), (16 bytes).
    Removing oled_basic.o(i.mySqrt), (36 bytes).
    Removing oled_basic.o(i.oled_pow), (16 bytes).
    Removing oled_basic.o(i.sqrt_16), (54 bytes).
    Removing oled_basic.o(.data), (24 bytes).
    Removing oled_bmp.o(.constdata), (32 bytes).
    Removing oled_bmp.o(.constdata), (128 bytes).
    Removing oled_bmp.o(.constdata), (512 bytes).
    Removing oled_bmp.o(.constdata), (640 bytes).
    Removing oled_bmp.o(.constdata), (1024 bytes).
    Removing oled_bmp.o(.constdata), (1024 bytes).
    Removing oled_bmp.o(.constdata), (1024 bytes).
    Removing oled_buffer.o(i.ClearScreenBuffer), (16 bytes).
    Removing oled_buffer.o(i.ClearTempBuffer), (16 bytes).
    Removing oled_buffer.o(i.GetPointBuffer), (68 bytes).
    Removing oled_buffer.o(i.GetSelectedBuffer), (12 bytes).
    Removing oled_buffer.o(i.SetPointBuffer), (80 bytes).
    Removing oled_buffer.o(i.SetScreenBuffer), (12 bytes).
    Removing oled_buffer.o(i.SetTempBuffer), (12 bytes).
    Removing oled_buffer.o(i.TempBufferFunc), (120 bytes).
    Removing oled_color.o(i.GetFillColor), (12 bytes).
    Removing oled_color.o(i.SetDrawColor), (12 bytes).
    Removing oled_color.o(i.SetFillcolor), (12 bytes).
    Removing oled_config.o(.rev16_text), (4 bytes).
    Removing oled_config.o(.revsh_text), (4 bytes).
    Removing oled_config.o(.rrx_text), (6 bytes).
    Removing oled_config.o(i.OledTimeMsFunc), (20 bytes).
    Removing oled_config.o(i.UpdateTempBuffer), (12 bytes).
    Removing oled_config.o(.data), (4 bytes).
    Removing oled_debug.o(i.OledPrintf), (284 bytes).
    Removing oled_debug.o(i.SetCursor), (12 bytes).
    Removing oled_debug.o(i.SetTextWrap), (12 bytes).
    Removing oled_debug.o(i.m_pow), (14 bytes).
    Removing oled_debug.o(i.m_putchar), (80 bytes).
    Removing oled_debug.o(i.m_putstr), (20 bytes).
    Removing oled_debug.o(.data), (12 bytes).
    Removing oled_draw.o(i.DrawArc), (184 bytes).
    Removing oled_draw.o(i.DrawChar), (208 bytes).
    Removing oled_draw.o(i.DrawCircle), (196 bytes).
    Removing oled_draw.o(i.DrawCircleHelper), (170 bytes).
    Removing oled_draw.o(i.DrawEllipse), (524 bytes).
    Removing oled_draw.o(i.DrawEllipseRect), (222 bytes).
    Removing oled_draw.o(i.DrawFastHLine), (54 bytes).
    Removing oled_draw.o(i.DrawFastVLine), (54 bytes).
    Removing oled_draw.o(i.DrawFillArc), (2 bytes).
    Removing oled_draw.o(i.DrawFillCircle), (42 bytes).
    Removing oled_draw.o(i.DrawFillCircleHelper), (148 bytes).
    Removing oled_draw.o(i.DrawFillEllipse), (324 bytes).
    Removing oled_draw.o(i.DrawFillRect1), (36 bytes).
    Removing oled_draw.o(i.DrawFillRect2), (32 bytes).
    Removing oled_draw.o(i.DrawFillTriangle), (340 bytes).
    Removing oled_draw.o(i.DrawFps), (2 bytes).
    Removing oled_draw.o(i.DrawLine), (164 bytes).
    Removing oled_draw.o(i.DrawNum), (112 bytes).
    Removing oled_draw.o(i.DrawPixel), (24 bytes).
    Removing oled_draw.o(i.DrawPolyLineTo), (40 bytes).
    Removing oled_draw.o(i.DrawRect1), (58 bytes).
    Removing oled_draw.o(i.DrawRect2), (62 bytes).
    Removing oled_draw.o(i.DrawRoundRect), (144 bytes).
    Removing oled_draw.o(i.DrawSlowBitmap), (112 bytes).
    Removing oled_draw.o(i.DrawString), (72 bytes).
    Removing oled_draw.o(i.DrawTriangle), (48 bytes).
    Removing oled_draw.o(i.DrawfillRoundRect), (76 bytes).
    Removing oled_draw.o(i.GetPixel), (14 bytes).
    Removing oled_draw.o(i.GetX), (12 bytes).
    Removing oled_draw.o(i.GetXY), (16 bytes).
    Removing oled_draw.o(i.GetY), (12 bytes).
    Removing oled_draw.o(i.LineTo), (32 bytes).
    Removing oled_draw.o(i.MoveTo), (12 bytes).
    Removing oled_draw.o(.data), (8 bytes).
    Removing oled_driver.o(.rev16_text), (4 bytes).
    Removing oled_driver.o(.revsh_text), (4 bytes).
    Removing oled_driver.o(.rrx_text), (6 bytes).
    Removing oled_driver.o(i.OLED_OFF), (24 bytes).
    Removing oled_driver.o(i.OLED_ON), (24 bytes).
    Removing oled_font.o(i.GetFontSize), (12 bytes).
    Removing oled_font.o(i.GetTextBkMode), (12 bytes).
    Removing oled_font.o(i.SetFontSize), (16 bytes).
    Removing oled_font.o(i.SetTextBkMode), (12 bytes).
    Removing oled_font.o(.constdata), (1280 bytes).
    Removing oled_font.o(.constdata), (552 bytes).
    Removing oled_font.o(.constdata), (1520 bytes).
    Removing oled_font.o(.data), (2 bytes).
    Removing adc14.o(.rev16_text), (4 bytes).
    Removing adc14.o(.revsh_text), (4 bytes).
    Removing adc14.o(.rrx_text), (6 bytes).
    Removing adc14.o(i.ADC14_configureConversionMemory), (100 bytes).
    Removing adc14.o(i.ADC14_configureMultiSequenceMode), (124 bytes).
    Removing adc14.o(i.ADC14_configureSingleSampleMode), (60 bytes).
    Removing adc14.o(i.ADC14_disableComparatorWindow), (64 bytes).
    Removing adc14.o(i.ADC14_disableConversion), (16 bytes).
    Removing adc14.o(i.ADC14_disableInterrupt), (28 bytes).
    Removing adc14.o(i.ADC14_disableModule), (28 bytes).
    Removing adc14.o(i.ADC14_disableReferenceBurst), (28 bytes).
    Removing adc14.o(i.ADC14_disableSampleTimer), (28 bytes).
    Removing adc14.o(i.ADC14_enableComparatorWindow), (96 bytes).
    Removing adc14.o(i.ADC14_enableConversion), (40 bytes).
    Removing adc14.o(i.ADC14_enableInterrupt), (28 bytes).
    Removing adc14.o(i.ADC14_enableModule), (12 bytes).
    Removing adc14.o(i.ADC14_enableReferenceBurst), (28 bytes).
    Removing adc14.o(i.ADC14_enableSampleTimer), (40 bytes).
    Removing adc14.o(i.ADC14_getEnabledInterruptStatus), (28 bytes).
    Removing adc14.o(i.ADC14_getInterruptStatus), (16 bytes).
    Removing adc14.o(i.ADC14_getMultiSequenceResult), (44 bytes).
    Removing adc14.o(i.ADC14_getResolution), (16 bytes).
    Removing adc14.o(i.ADC14_getResult), (32 bytes).
    Removing adc14.o(i.ADC14_getResultArray), (92 bytes).
    Removing adc14.o(i.ADC14_initModule), (64 bytes).
    Removing adc14.o(i.ADC14_isBusy), (20 bytes).
    Removing adc14.o(i.ADC14_registerInterrupt), (20 bytes).
    Removing adc14.o(i.ADC14_setComparatorWindowValue), (76 bytes).
    Removing adc14.o(i.ADC14_setPowerMode), (48 bytes).
    Removing adc14.o(i.ADC14_setResolution), (20 bytes).
    Removing adc14.o(i.ADC14_setResultFormat), (44 bytes).
    Removing adc14.o(i.ADC14_setSampleHoldTime), (40 bytes).
    Removing adc14.o(i.ADC14_setSampleHoldTrigger), (44 bytes).
    Removing adc14.o(i.ADC14_toggleConversionTrigger), (32 bytes).
    Removing adc14.o(i.ADC14_unregisterInterrupt), (18 bytes).
    Removing adc14.o(i.ADCIsConversionRunning), (20 bytes).
    Removing adc14.o(i._getIndexForMemRegister), (342 bytes).
    Removing adc14.o(.constdata), (128 bytes).
    Removing cs.o(.rev16_text), (4 bytes).
    Removing cs.o(.revsh_text), (4 bytes).
    Removing cs.o(.rrx_text), (6 bytes).
    Removing cs.o(i.CS_disableClockRequest), (36 bytes).
    Removing cs.o(i.CS_disableDCOExternalResistor), (32 bytes).
    Removing cs.o(i.CS_disableFaultCounter), (40 bytes).
    Removing cs.o(i.CS_disableInterrupt), (36 bytes).
    Removing cs.o(i.CS_enableClockRequest), (36 bytes).
    Removing cs.o(i.CS_enableDCOExternalResistor), (28 bytes).
    Removing cs.o(i.CS_enableFaultCounter), (40 bytes).
    Removing cs.o(i.CS_enableInterrupt), (36 bytes).
    Removing cs.o(i.CS_getBCLK), (28 bytes).
    Removing cs.o(i.CS_getEnabledInterruptStatus), (20 bytes).
    Removing cs.o(i.CS_getHSMCLK), (24 bytes).
    Removing cs.o(i.CS_getInterruptStatus), (12 bytes).
    Removing cs.o(i.CS_initClockSignal), (232 bytes).
    Removing cs.o(i.CS_registerInterrupt), (20 bytes).
    Removing cs.o(i.CS_resetFaultCounter), (40 bytes).
    Removing cs.o(i.CS_setDCOCenteredFrequency), (36 bytes).
    Removing cs.o(i.CS_setDCOExternalResistorCalibration), (100 bytes).
    Removing cs.o(i.CS_setDCOFrequency), (300 bytes).
    Removing cs.o(i.CS_setReferenceOscillatorFrequency), (32 bytes).
    Removing cs.o(i.CS_startFaultCounter), (52 bytes).
    Removing cs.o(i.CS_tuneDCOFrequency), (52 bytes).
    Removing cs.o(i.CS_unregisterInterrupt), (18 bytes).
    Removing dma.o(.rev16_text), (4 bytes).
    Removing dma.o(.revsh_text), (4 bytes).
    Removing dma.o(.rrx_text), (6 bytes).
    Removing dma.o(i.DMA_assignChannel), (268 bytes).
    Removing dma.o(i.DMA_assignInterrupt), (72 bytes).
    Removing dma.o(i.DMA_clearErrorStatus), (12 bytes).
    Removing dma.o(i.DMA_disableChannel), (20 bytes).
    Removing dma.o(i.DMA_disableChannelAttribute), (56 bytes).
    Removing dma.o(i.DMA_disableInterrupt), (60 bytes).
    Removing dma.o(i.DMA_disableModule), (36 bytes).
    Removing dma.o(i.DMA_enableChannelAttribute), (56 bytes).
    Removing dma.o(i.DMA_enableInterrupt), (60 bytes).
    Removing dma.o(i.DMA_enableModule), (12 bytes).
    Removing dma.o(i.DMA_getChannelAttribute), (60 bytes).
    Removing dma.o(i.DMA_getChannelMode), (44 bytes).
    Removing dma.o(i.DMA_getChannelSize), (32 bytes).
    Removing dma.o(i.DMA_getControlAlternateBase), (12 bytes).
    Removing dma.o(i.DMA_getControlBase), (12 bytes).
    Removing dma.o(i.DMA_getErrorStatus), (12 bytes).
    Removing dma.o(i.DMA_getInterruptStatus), (12 bytes).
    Removing dma.o(i.DMA_isChannelEnabled), (28 bytes).
    Removing dma.o(i.DMA_registerInterrupt), (18 bytes).
    Removing dma.o(i.DMA_requestChannel), (20 bytes).
    Removing dma.o(i.DMA_requestSoftwareTransfer), (20 bytes).
    Removing dma.o(i.DMA_setChannelControl), (32 bytes).
    Removing dma.o(i.DMA_setChannelScatterGather), (72 bytes).
    Removing dma.o(i.DMA_setControlBase), (12 bytes).
    Removing dma.o(i.DMA_unregisterInterrupt), (18 bytes).
    Removing i2c.o(.rev16_text), (4 bytes).
    Removing i2c.o(.revsh_text), (4 bytes).
    Removing i2c.o(.rrx_text), (6 bytes).
    Removing i2c.o(i.I2C_clearInterruptFlag), (8 bytes).
    Removing i2c.o(i.I2C_disableInterrupt), (8 bytes).
    Removing i2c.o(i.I2C_disableModule), (12 bytes).
    Removing i2c.o(i.I2C_disableMultiMasterMode), (18 bytes).
    Removing i2c.o(i.I2C_enableInterrupt), (8 bytes).
    Removing i2c.o(i.I2C_enableModule), (12 bytes).
    Removing i2c.o(i.I2C_enableMultiMasterMode), (16 bytes).
    Removing i2c.o(i.I2C_getEnabledInterruptStatus), (8 bytes).
    Removing i2c.o(i.I2C_getInterruptStatus), (6 bytes).
    Removing i2c.o(i.I2C_getMode), (8 bytes).
    Removing i2c.o(i.I2C_getReceiveBufferAddressForDMA), (4 bytes).
    Removing i2c.o(i.I2C_getTransmitBufferAddressForDMA), (4 bytes).
    Removing i2c.o(i.I2C_initMaster), (58 bytes).
    Removing i2c.o(i.I2C_initSlave), (32 bytes).
    Removing i2c.o(i.I2C_isBusBusy), (12 bytes).
    Removing i2c.o(i.I2C_masterIsStartSent), (16 bytes).
    Removing i2c.o(i.I2C_masterIsStopSent), (10 bytes).
    Removing i2c.o(i.I2C_masterReceiveMultiByteFinish), (32 bytes).
    Removing i2c.o(i.I2C_masterReceiveMultiByteFinishWithTimeout), (50 bytes).
    Removing i2c.o(i.I2C_masterReceiveMultiByteNext), (6 bytes).
    Removing i2c.o(i.I2C_masterReceiveMultiByteStop), (12 bytes).
    Removing i2c.o(i.I2C_masterReceiveSingle), (24 bytes).
    Removing i2c.o(i.I2C_masterReceiveSingleByte), (56 bytes).
    Removing i2c.o(i.I2C_masterReceiveStart), (14 bytes).
    Removing i2c.o(i.I2C_masterSendMultiByteFinish), (52 bytes).
    Removing i2c.o(i.I2C_masterSendMultiByteNext), (22 bytes).
    Removing i2c.o(i.I2C_masterSendMultiByteNextWithTimeout), (36 bytes).
    Removing i2c.o(i.I2C_masterSendMultiByteStart), (52 bytes).
    Removing i2c.o(i.I2C_masterSendMultiByteStop), (24 bytes).
    Removing i2c.o(i.I2C_masterSendMultiByteStopWithTimeout), (36 bytes).
    Removing i2c.o(i.I2C_masterSendSingleByte), (74 bytes).
    Removing i2c.o(i.I2C_masterSendSingleByteWithTimeout), (80 bytes).
    Removing i2c.o(i.I2C_masterSendStart), (12 bytes).
    Removing i2c.o(i.I2C_registerInterrupt), (80 bytes).
    Removing i2c.o(i.I2C_setMode), (12 bytes).
    Removing i2c.o(i.I2C_setSlaveAddress), (4 bytes).
    Removing i2c.o(i.I2C_setTimeout), (28 bytes).
    Removing i2c.o(i.I2C_slaveGetData), (6 bytes).
    Removing i2c.o(i.I2C_slavePutData), (4 bytes).
    Removing i2c.o(i.I2C_slaveSendNAK), (12 bytes).
    Removing i2c.o(i.I2C_unregisterInterrupt), (80 bytes).
    Removing timer_a.o(.rev16_text), (4 bytes).
    Removing timer_a.o(.revsh_text), (4 bytes).
    Removing timer_a.o(.rrx_text), (6 bytes).
    Removing timer_a.o(i.Timer_A_clearCaptureCompareInterrupt), (26 bytes).
    Removing timer_a.o(i.Timer_A_clearTimer), (12 bytes).
    Removing timer_a.o(i.Timer_A_configureContinuousMode), (40 bytes).
    Removing timer_a.o(i.Timer_A_configureUpDownMode), (70 bytes).
    Removing timer_a.o(i.Timer_A_configureUpMode), (70 bytes).
    Removing timer_a.o(i.Timer_A_disableCaptureCompareInterrupt), (26 bytes).
    Removing timer_a.o(i.Timer_A_disableInterrupt), (12 bytes).
    Removing timer_a.o(i.Timer_A_enableCaptureCompareInterrupt), (26 bytes).
    Removing timer_a.o(i.Timer_A_enableInterrupt), (12 bytes).
    Removing timer_a.o(i.Timer_A_generatePWM), (76 bytes).
    Removing timer_a.o(i.Timer_A_getCaptureCompareCount), (16 bytes).
    Removing timer_a.o(i.Timer_A_getCaptureCompareEnabledInterruptStatus), (34 bytes).
    Removing timer_a.o(i.Timer_A_getCaptureCompareInterruptStatus), (18 bytes).
    Removing timer_a.o(i.Timer_A_getCounterValue), (28 bytes).
    Removing timer_a.o(i.Timer_A_getEnabledInterruptStatus), (18 bytes).
    Removing timer_a.o(i.Timer_A_getInterruptStatus), (8 bytes).
    Removing timer_a.o(i.Timer_A_getOutputForOutputModeOutBitValue), (30 bytes).
    Removing timer_a.o(i.Timer_A_getSynchronizedCaptureCompareInput), (22 bytes).
    Removing timer_a.o(i.Timer_A_initCapture), (52 bytes).
    Removing timer_a.o(i.Timer_A_initCompare), (38 bytes).
    Removing timer_a.o(i.Timer_A_registerInterrupt), (164 bytes).
    Removing timer_a.o(i.Timer_A_setCompareValue), (16 bytes).
    Removing timer_a.o(i.Timer_A_setOutputForOutputModeOutBitValue), (24 bytes).
    Removing timer_a.o(i.Timer_A_startCounter), (8 bytes).
    Removing timer_a.o(i.Timer_A_unregisterInterrupt), (140 bytes).
    Removing timer_a.o(i.privateTimer_AProcessClockSourceDivider), (180 bytes).
    Removing uart.o(.rev16_text), (4 bytes).
    Removing uart.o(.revsh_text), (4 bytes).
    Removing uart.o(.rrx_text), (6 bytes).
    Removing uart.o(i.UART_clearInterruptFlag), (8 bytes).
    Removing uart.o(i.UART_disableInterrupt), (22 bytes).
    Removing uart.o(i.UART_disableModule), (12 bytes).
    Removing uart.o(i.UART_enableInterrupt), (22 bytes).
    Removing uart.o(i.UART_enableModule), (12 bytes).
    Removing uart.o(i.UART_getEnabledInterruptStatus), (38 bytes).
    Removing uart.o(i.UART_getInterruptStatus), (6 bytes).
    Removing uart.o(i.UART_getReceiveBufferAddressForDMA), (4 bytes).
    Removing uart.o(i.UART_getTransmitBufferAddressForDMA), (4 bytes).
    Removing uart.o(i.UART_queryStatusFlags), (6 bytes).
    Removing uart.o(i.UART_receiveData), (24 bytes).
    Removing uart.o(i.UART_registerInterrupt), (80 bytes).
    Removing uart.o(i.UART_resetDormant), (12 bytes).
    Removing uart.o(i.UART_selectDeglitchTime), (12 bytes).
    Removing uart.o(i.UART_setDormant), (12 bytes).
    Removing uart.o(i.UART_transmitAddress), (14 bytes).
    Removing uart.o(i.UART_transmitBreak), (44 bytes).
    Removing uart.o(i.UART_unregisterInterrupt), (80 bytes).
    Removing arm_sin_f32.o(.rev16_text), (4 bytes).
    Removing arm_sin_f32.o(.revsh_text), (4 bytes).
    Removing arm_sin_f32.o(.rrx_text), (6 bytes).
    Removing arm_sin_f32.o(i.arm_sin_f32), (140 bytes).
    Removing interrupt.o(.rev16_text), (4 bytes).
    Removing interrupt.o(.revsh_text), (4 bytes).
    Removing interrupt.o(.rrx_text), (6 bytes).
    Removing interrupt.o(i.IntDefaultHandler), (2 bytes).
    Removing interrupt.o(i.Interrupt_disableInterrupt), (92 bytes).
    Removing interrupt.o(i.Interrupt_disableMaster), (14 bytes).
    Removing interrupt.o(i.Interrupt_disableSleepOnIsrExit), (16 bytes).
    Removing interrupt.o(i.Interrupt_enableInterrupt), (92 bytes).
    Removing interrupt.o(i.Interrupt_enableMaster), (14 bytes).
    Removing interrupt.o(i.Interrupt_enableSleepOnIsrExit), (16 bytes).
    Removing interrupt.o(i.Interrupt_getPriority), (24 bytes).
    Removing interrupt.o(i.Interrupt_getPriorityGrouping), (36 bytes).
    Removing interrupt.o(i.Interrupt_getPriorityMask), (10 bytes).
    Removing interrupt.o(i.Interrupt_getVectorTableAddress), (12 bytes).
    Removing interrupt.o(i.Interrupt_isEnabled), (100 bytes).
    Removing interrupt.o(i.Interrupt_pendInterrupt), (76 bytes).
    Removing interrupt.o(i.Interrupt_registerInterrupt), (48 bytes).
    Removing interrupt.o(i.Interrupt_setPriority), (36 bytes).
    Removing interrupt.o(i.Interrupt_setPriorityGrouping), (40 bytes).
    Removing interrupt.o(i.Interrupt_setPriorityMask), (4 bytes).
    Removing interrupt.o(i.Interrupt_setVectorTableAddress), (12 bytes).
    Removing interrupt.o(i.Interrupt_unpendInterrupt), (64 bytes).
    Removing interrupt.o(i.Interrupt_unregisterInterrupt), (20 bytes).
    Removing interrupt.o(.constdata), (144 bytes).
    Removing interrupt.o(vtable), (232 bytes).
    Removing sysctl_a.o(.rev16_text), (4 bytes).
    Removing sysctl_a.o(.revsh_text), (4 bytes).
    Removing sysctl_a.o(.rrx_text), (6 bytes).
    Removing sysctl_a.o(i.SysCtl_A_disableGlitchFilter), (16 bytes).
    Removing sysctl_a.o(i.SysCtl_A_disablePeripheralAtCPUHalt), (16 bytes).
    Removing sysctl_a.o(i.SysCtl_A_disableSRAM), (96 bytes).
    Removing sysctl_a.o(i.SysCtl_A_disableSRAMRetention), (272 bytes).
    Removing sysctl_a.o(i.SysCtl_A_enableGlitchFilter), (16 bytes).
    Removing sysctl_a.o(i.SysCtl_A_enablePeripheralAtCPUHalt), (16 bytes).
    Removing sysctl_a.o(i.SysCtl_A_enableSRAM), (96 bytes).
    Removing sysctl_a.o(i.SysCtl_A_enableSRAMRetention), (284 bytes).
    Removing sysctl_a.o(i.SysCtl_A_getFlashSize), (12 bytes).
    Removing sysctl_a.o(i.SysCtl_A_getInfoFlashSize), (12 bytes).
    Removing sysctl_a.o(i.SysCtl_A_getSRAMSize), (12 bytes).
    Removing sysctl_a.o(i.SysCtl_A_getTempCalibrationConstant), (12 bytes).
    Removing sysctl_a.o(i.SysCtl_A_rebootDevice), (16 bytes).
    Removing sysctl_a.o(i.SysCtl_A_setWDTPasswordViolationResetType), (28 bytes).
    Removing sysctl_a.o(i.SysCtl_A_setWDTTimeoutResetType), (28 bytes).
    Removing arm_common_tables.o(.rev16_text), (4 bytes).
    Removing arm_common_tables.o(.revsh_text), (4 bytes).
    Removing arm_common_tables.o(.rrx_text), (6 bytes).
    Removing arm_common_tables.o(.constdata), (2048 bytes).
    Removing arm_common_tables.o(.constdata), (128 bytes).
    Removing arm_common_tables.o(.constdata), (256 bytes).
    Removing arm_common_tables.o(.constdata), (512 bytes).
    Removing arm_common_tables.o(.constdata), (1024 bytes).
    Removing arm_common_tables.o(.constdata), (2048 bytes).
    Removing arm_common_tables.o(.constdata), (4096 bytes).
    Removing arm_common_tables.o(.constdata), (8192 bytes).
    Removing arm_common_tables.o(.constdata), (16384 bytes).
    Removing arm_common_tables.o(.constdata), (32768 bytes).
    Removing arm_common_tables.o(.constdata), (96 bytes).
    Removing arm_common_tables.o(.constdata), (192 bytes).
    Removing arm_common_tables.o(.constdata), (384 bytes).
    Removing arm_common_tables.o(.constdata), (768 bytes).
    Removing arm_common_tables.o(.constdata), (1536 bytes).
    Removing arm_common_tables.o(.constdata), (3072 bytes).
    Removing arm_common_tables.o(.constdata), (6144 bytes).
    Removing arm_common_tables.o(.constdata), (12288 bytes).
    Removing arm_common_tables.o(.constdata), (24576 bytes).
    Removing arm_common_tables.o(.constdata), (48 bytes).
    Removing arm_common_tables.o(.constdata), (96 bytes).
    Removing arm_common_tables.o(.constdata), (192 bytes).
    Removing arm_common_tables.o(.constdata), (384 bytes).
    Removing arm_common_tables.o(.constdata), (768 bytes).
    Removing arm_common_tables.o(.constdata), (1536 bytes).
    Removing arm_common_tables.o(.constdata), (3072 bytes).
    Removing arm_common_tables.o(.constdata), (6144 bytes).
    Removing arm_common_tables.o(.constdata), (12288 bytes).
    Removing arm_common_tables.o(.constdata), (128 bytes).
    Removing arm_common_tables.o(.constdata), (256 bytes).
    Removing arm_common_tables.o(.constdata), (40 bytes).
    Removing arm_common_tables.o(.constdata), (96 bytes).
    Removing arm_common_tables.o(.constdata), (112 bytes).
    Removing arm_common_tables.o(.constdata), (416 bytes).
    Removing arm_common_tables.o(.constdata), (880 bytes).
    Removing arm_common_tables.o(.constdata), (896 bytes).
    Removing arm_common_tables.o(.constdata), (3600 bytes).
    Removing arm_common_tables.o(.constdata), (7616 bytes).
    Removing arm_common_tables.o(.constdata), (8064 bytes).
    Removing arm_common_tables.o(.constdata), (24 bytes).
    Removing arm_common_tables.o(.constdata), (48 bytes).
    Removing arm_common_tables.o(.constdata), (112 bytes).
    Removing arm_common_tables.o(.constdata), (224 bytes).
    Removing arm_common_tables.o(.constdata), (480 bytes).
    Removing arm_common_tables.o(.constdata), (960 bytes).
    Removing arm_common_tables.o(.constdata), (1984 bytes).
    Removing arm_common_tables.o(.constdata), (3968 bytes).
    Removing arm_common_tables.o(.constdata), (8064 bytes).
    Removing arm_common_tables.o(.constdata), (128 bytes).
    Removing arm_common_tables.o(.constdata), (256 bytes).
    Removing arm_common_tables.o(.constdata), (512 bytes).
    Removing arm_common_tables.o(.constdata), (1024 bytes).
    Removing arm_common_tables.o(.constdata), (2048 bytes).
    Removing arm_common_tables.o(.constdata), (4096 bytes).
    Removing arm_common_tables.o(.constdata), (8192 bytes).
    Removing arm_common_tables.o(.constdata), (16384 bytes).
    Removing arm_common_tables.o(.constdata), (2052 bytes).
    Removing arm_common_tables.o(.constdata), (2052 bytes).
    Removing arm_common_tables.o(.constdata), (1026 bytes).
    Removing cpu.o(.rev16_text), (4 bytes).
    Removing cpu.o(.revsh_text), (4 bytes).
    Removing cpu.o(.rrx_text), (6 bytes).
    Removing cpu.o(.emb_text), (38 bytes).
    Removing dflti.o(.text), (34 bytes).
    Removing dfixi.o(.text), (62 bytes).
    Removing f2d.o(.text), (38 bytes).
    Removing d2f.o(.text), (56 bytes).
    Removing fepilogue.o(.text), (110 bytes).
    Removing dneg.o(.text), (6 bytes).
    Removing dsqrt.o(.text), (162 bytes).
    Removing cdcmple.o(.text), (48 bytes).
    Removing dfltui.o(.text), (26 bytes).

487 unused section(s) (total 249141 bytes) removed from the image.

==============================================================================

Image Symbol Table

    Local Symbols

    Symbol Name                              Value     Ov Type        Size  Object(Section)

    RESET                                    0x00000000   Section      324  startup_msp432p401r_uvision.o(RESET)
    ../clib/microlib/division.c              0x00000000   Number         0  uidiv.o ABSOLUTE
    ../clib/microlib/division.c              0x00000000   Number         0  uldiv.o ABSOLUTE
    ../clib/microlib/errno.c                 0x00000000   Number         0  errno.o ABSOLUTE
    ../clib/microlib/init/entry.s            0x00000000   Number         0  entry7b.o ABSOLUTE
    ../clib/microlib/init/entry.s            0x00000000   Number         0  entry11a.o ABSOLUTE
    ../clib/microlib/init/entry.s            0x00000000   Number         0  entry7a.o ABSOLUTE
    ../clib/microlib/init/entry.s            0x00000000   Number         0  entry8a.o ABSOLUTE
    ../clib/microlib/init/entry.s            0x00000000   Number         0  entry.o ABSOLUTE
    ../clib/microlib/init/entry.s            0x00000000   Number         0  entry8b.o ABSOLUTE
    ../clib/microlib/init/entry.s            0x00000000   Number         0  entry9a.o ABSOLUTE
    ../clib/microlib/init/entry.s            0x00000000   Number         0  entry10a.o ABSOLUTE
    ../clib/microlib/init/entry.s            0x00000000   Number         0  entry9b.o ABSOLUTE
    ../clib/microlib/init/entry.s            0x00000000   Number         0  entry10b.o ABSOLUTE
    ../clib/microlib/init/entry.s            0x00000000   Number         0  entry11b.o ABSOLUTE
    ../clib/microlib/init/entry.s            0x00000000   Number         0  entry5.o ABSOLUTE
    ../clib/microlib/init/entry.s            0x00000000   Number         0  entry2.o ABSOLUTE
    ../clib/microlib/longlong.c              0x00000000   Number         0  llushr.o ABSOLUTE
    ../clib/microlib/longlong.c              0x00000000   Number         0  llshl.o ABSOLUTE
    ../clib/microlib/longlong.c              0x00000000   Number         0  llsshr.o ABSOLUTE
    ../clib/microlib/printf/printf.c         0x00000000   Number         0  printf8.o ABSOLUTE
    ../clib/microlib/printf/printf.c         0x00000000   Number         0  printf7.o ABSOLUTE
    ../clib/microlib/printf/printf.c         0x00000000   Number         0  printf6.o ABSOLUTE
    ../clib/microlib/printf/printf.c         0x00000000   Number         0  printf4.o ABSOLUTE
    ../clib/microlib/printf/printf.c         0x00000000   Number         0  printf3.o ABSOLUTE
    ../clib/microlib/printf/printf.c         0x00000000   Number         0  printf5.o ABSOLUTE
    ../clib/microlib/printf/printf.c         0x00000000   Number         0  printfa.o ABSOLUTE
    ../clib/microlib/printf/printf.c         0x00000000   Number         0  printf2.o ABSOLUTE
    ../clib/microlib/printf/printf.c         0x00000000   Number         0  printf1.o ABSOLUTE
    ../clib/microlib/printf/printf.c         0x00000000   Number         0  printf0.o ABSOLUTE
    ../clib/microlib/printf/printf.c         0x00000000   Number         0  printfb.o ABSOLUTE
    ../clib/microlib/printf/stubs.s          0x00000000   Number         0  stubs.o ABSOLUTE
    ../clib/microlib/string/memcpy.c         0x00000000   Number         0  memcpya.o ABSOLUTE
    ../clib/microlib/string/memcpy.c         0x00000000   Number         0  memcpyb.o ABSOLUTE
    ../clib/microlib/string/memset.c         0x00000000   Number         0  memseta.o ABSOLUTE
    ../clib/microlib/string/strlen.c         0x00000000   Number         0  strlen.o ABSOLUTE
    ../clib/microlib/stubs.s                 0x00000000   Number         0  iusefp.o ABSOLUTE
    ../clib/microlib/stubs.s                 0x00000000   Number         0  useno.o ABSOLUTE
    ../fplib/microlib/d2f.c                  0x00000000   Number         0  d2f.o ABSOLUTE
    ../fplib/microlib/f2d.c                  0x00000000   Number         0  f2d.o ABSOLUTE
    ../fplib/microlib/fpadd.c                0x00000000   Number         0  dadd.o ABSOLUTE
    ../fplib/microlib/fpdiv.c                0x00000000   Number         0  ddiv.o ABSOLUTE
    ../fplib/microlib/fpepilogue.c           0x00000000   Number         0  depilogue.o ABSOLUTE
    ../fplib/microlib/fpepilogue.c           0x00000000   Number         0  fepilogue.o ABSOLUTE
    ../fplib/microlib/fpfix.c                0x00000000   Number         0  dfixi.o ABSOLUTE
    ../fplib/microlib/fpfix.c                0x00000000   Number         0  dfixul.o ABSOLUTE
    ../fplib/microlib/fpflt.c                0x00000000   Number         0  dfltui.o ABSOLUTE
    ../fplib/microlib/fpflt.c                0x00000000   Number         0  dflti.o ABSOLUTE
    ../fplib/microlib/fpmul.c                0x00000000   Number         0  dmul.o ABSOLUTE
    ../fplib/microlib/fpneg.c                0x00000000   Number         0  dneg.o ABSOLUTE
    ../fplib/microlib/fpsqrt.c               0x00000000   Number         0  dsqrt.o ABSOLUTE
    ../mathlib/atan.c                        0x00000000   Number         0  atan_x.o ABSOLUTE
    ../mathlib/atan.c                        0x00000000   Number         0  atan.o ABSOLUTE
    ../mathlib/atan2.c                       0x00000000   Number         0  atan2_x.o ABSOLUTE
    ../mathlib/atan2.c                       0x00000000   Number         0  atan2.o ABSOLUTE
    ../mathlib/ceil.c                        0x00000000   Number         0  ceil.o ABSOLUTE
    ../mathlib/cos.c                         0x00000000   Number         0  cos_x.o ABSOLUTE
    ../mathlib/cos.c                         0x00000000   Number         0  cos.o ABSOLUTE
    ../mathlib/cos_i.c                       0x00000000   Number         0  cos_i.o ABSOLUTE
    ../mathlib/dunder.c                      0x00000000   Number         0  dunder.o ABSOLUTE
    ../mathlib/fabs.c                        0x00000000   Number         0  fabs.o ABSOLUTE
    ../mathlib/fpclassify.c                  0x00000000   Number         0  fpclassify.o ABSOLUTE
    ../mathlib/poly.c                        0x00000000   Number         0  poly.o ABSOLUTE
    ../mathlib/qnan.c                        0x00000000   Number         0  qnan.o ABSOLUTE
    ../mathlib/rred.c                        0x00000000   Number         0  rred.o ABSOLUTE
    ../mathlib/sin.c                         0x00000000   Number         0  sin.o ABSOLUTE
    ../mathlib/sin.c                         0x00000000   Number         0  sin_x.o ABSOLUTE
    ../mathlib/sin_i.c                       0x00000000   Number         0  sin_i_x.o ABSOLUTE
    ../mathlib/sin_i.c                       0x00000000   Number         0  sin_i.o ABSOLUTE
    ../mathlib/sqrt.c                        0x00000000   Number         0  sqrt_x.o ABSOLUTE
    ../mathlib/sqrt.c                        0x00000000   Number         0  sqrt.o ABSOLUTE
    ..\..\gameA.c                            0x00000000   Number         0  gamea.o ABSOLUTE
    ..\..\hardware\adc.c                     0x00000000   Number         0  adc.o ABSOLUTE
    ..\..\hardware\baseboard.c               0x00000000   Number         0  baseboard.o ABSOLUTE
    ..\..\hardware\led.c                     0x00000000   Number         0  led.o ABSOLUTE
    ..\..\hardware\timA.c                    0x00000000   Number         0  tima.o ABSOLUTE
    ..\..\hardware\usart3.c                  0x00000000   Number         0  usart3.o ABSOLUTE
    ..\..\main.c                             0x00000000   Number         0  main.o ABSOLUTE
    ..\..\oledlib\oled_basic.c               0x00000000   Number         0  oled_basic.o ABSOLUTE
    ..\..\oledlib\oled_bmp.c                 0x00000000   Number         0  oled_bmp.o ABSOLUTE
    ..\..\oledlib\oled_buffer.c              0x00000000   Number         0  oled_buffer.o ABSOLUTE
    ..\..\oledlib\oled_color.c               0x00000000   Number         0  oled_color.o ABSOLUTE
    ..\..\oledlib\oled_config.c              0x00000000   Number         0  oled_config.o ABSOLUTE
    ..\..\oledlib\oled_debug.c               0x00000000   Number         0  oled_debug.o ABSOLUTE
    ..\..\oledlib\oled_draw.c                0x00000000   Number         0  oled_draw.o ABSOLUTE
    ..\..\oledlib\oled_driver.c              0x00000000   Number         0  oled_driver.o ABSOLUTE
    ..\..\oledlib\oled_font.c                0x00000000   Number         0  oled_font.o ABSOLUTE
    ..\..\sys\baudrate_calculate.c           0x00000000   Number         0  baudrate_calculate.o ABSOLUTE
    ..\..\sys\delay.c                        0x00000000   Number         0  delay.o ABSOLUTE
    ..\..\sys\sysinit.c                      0x00000000   Number         0  sysinit.o ABSOLUTE
    ..\..\sys\usart.c                        0x00000000   Number         0  usart.o ABSOLUTE
    ..\..\system_msp432p401r.c               0x00000000   Number         0  system_msp432p401r.o ABSOLUTE
    ..\\..\\gameA.c                          0x00000000   Number         0  gamea.o ABSOLUTE
    ..\\..\\hardware\\adc.c                  0x00000000   Number         0  adc.o ABSOLUTE
    ..\\..\\hardware\\baseboard.c            0x00000000   Number         0  baseboard.o ABSOLUTE
    ..\\..\\hardware\\led.c                  0x00000000   Number         0  led.o ABSOLUTE
    ..\\..\\hardware\\timA.c                 0x00000000   Number         0  tima.o ABSOLUTE
    ..\\..\\hardware\\usart3.c               0x00000000   Number         0  usart3.o ABSOLUTE
    ..\\..\\main.c                           0x00000000   Number         0  main.o ABSOLUTE
    ..\\..\\oledlib\\oled_config.c           0x00000000   Number         0  oled_config.o ABSOLUTE
    ..\\..\\oledlib\\oled_driver.c           0x00000000   Number         0  oled_driver.o ABSOLUTE
    ..\\..\\sys\\baudrate_calculate.c        0x00000000   Number         0  baudrate_calculate.o ABSOLUTE
    ..\\..\\sys\\delay.c                     0x00000000   Number         0  delay.o ABSOLUTE
    ..\\..\\sys\\sysinit.c                   0x00000000   Number         0  sysinit.o ABSOLUTE
    ..\\..\\sys\\usart.c                     0x00000000   Number         0  usart.o ABSOLUTE
    ..\\..\\system_msp432p401r.c             0x00000000   Number         0  system_msp432p401r.o ABSOLUTE
    cdcmple.s                                0x00000000   Number         0  cdcmple.o ABSOLUTE
    cdrcmple.s                               0x00000000   Number         0  cdrcmple.o ABSOLUTE
    dc.s                                     0x00000000   Number         0  dc.o ABSOLUTE
    handlers.s                               0x00000000   Number         0  handlers.o ABSOLUTE
    init.s                                   0x00000000   Number         0  init.o ABSOLUTE
    source/third_party/CMSIS/DSP_Lib/Source/CommonTables/arm_common_tables.c 0x00000000   Number         0  arm_common_tables.o ABSOLUTE
    source/third_party/CMSIS/DSP_Lib/Source/CommonTables/arm_common_tables.c 0x00000000   Number         0  arm_common_tables.o ABSOLUTE
    source/third_party/CMSIS/DSP_Lib/Source/FastMathFunctions/arm_sin_f32.c 0x00000000   Number         0  arm_sin_f32.o ABSOLUTE
    source/third_party/CMSIS/DSP_Lib/Source/FastMathFunctions/arm_sin_f32.c 0x00000000   Number         0  arm_sin_f32.o ABSOLUTE
    source/ti/devices/msp432p4xx/driverlib/adc14.c 0x00000000   Number         0  adc14.o ABSOLUTE
    source/ti/devices/msp432p4xx/driverlib/adc14.c 0x00000000   Number         0  adc14.o ABSOLUTE
    source/ti/devices/msp432p4xx/driverlib/cpu.c 0x00000000   Number         0  cpu.o ABSOLUTE
    source/ti/devices/msp432p4xx/driverlib/cpu.c 0x00000000   Number         0  cpu.o ABSOLUTE
    source/ti/devices/msp432p4xx/driverlib/cs.c 0x00000000   Number         0  cs.o ABSOLUTE
    source/ti/devices/msp432p4xx/driverlib/cs.c 0x00000000   Number         0  cs.o ABSOLUTE
    source/ti/devices/msp432p4xx/driverlib/dma.c 0x00000000   Number         0  dma.o ABSOLUTE
    source/ti/devices/msp432p4xx/driverlib/dma.c 0x00000000   Number         0  dma.o ABSOLUTE
    source/ti/devices/msp432p4xx/driverlib/i2c.c 0x00000000   Number         0  i2c.o ABSOLUTE
    source/ti/devices/msp432p4xx/driverlib/i2c.c 0x00000000   Number         0  i2c.o ABSOLUTE
    source/ti/devices/msp432p4xx/driverlib/interrupt.c 0x00000000   Number         0  interrupt.o ABSOLUTE
    source/ti/devices/msp432p4xx/driverlib/interrupt.c 0x00000000   Number         0  interrupt.o ABSOLUTE
    source/ti/devices/msp432p4xx/driverlib/sysctl_a.c 0x00000000   Number         0  sysctl_a.o ABSOLUTE
    source/ti/devices/msp432p4xx/driverlib/sysctl_a.c 0x00000000   Number         0  sysctl_a.o ABSOLUTE
    source/ti/devices/msp432p4xx/driverlib/timer_a.c 0x00000000   Number         0  timer_a.o ABSOLUTE
    source/ti/devices/msp432p4xx/driverlib/timer_a.c 0x00000000   Number         0  timer_a.o ABSOLUTE
    source/ti/devices/msp432p4xx/driverlib/uart.c 0x00000000   Number         0  uart.o ABSOLUTE
    source/ti/devices/msp432p4xx/driverlib/uart.c 0x00000000   Number         0  uart.o ABSOLUTE
    startup_msp432p401r_uvision.s            0x00000000   Number         0  startup_msp432p401r_uvision.o ABSOLUTE
    .ARM.Collect$$$$00000000                 0x00000144   Section        0  entry.o(.ARM.Collect$$$$00000000)
    .ARM.Collect$$$$00000001                 0x00000144   Section        4  entry2.o(.ARM.Collect$$$$00000001)
    .ARM.Collect$$$$00000004                 0x00000148   Section        4  entry5.o(.ARM.Collect$$$$00000004)
    .ARM.Collect$$$$00000008                 0x0000014c   Section        0  entry7b.o(.ARM.Collect$$$$00000008)
    .ARM.Collect$$$$0000000A                 0x0000014c   Section        0  entry8b.o(.ARM.Collect$$$$0000000A)
    .ARM.Collect$$$$0000000B                 0x0000014c   Section        8  entry9a.o(.ARM.Collect$$$$0000000B)
    .ARM.Collect$$$$0000000D                 0x00000154   Section        0  entry10a.o(.ARM.Collect$$$$0000000D)
    .ARM.Collect$$$$0000000F                 0x00000154   Section        0  entry11a.o(.ARM.Collect$$$$0000000F)
    .ARM.Collect$$$$00002712                 0x00000154   Section        4  entry2.o(.ARM.Collect$$$$00002712)
    __lit__00000000                          0x00000154   Data           4  entry2.o(.ARM.Collect$$$$00002712)
    .text                                    0x00000158   Section       36  startup_msp432p401r_uvision.o(.text)
    $v0                                      0x00000158   Number         0  startup_msp432p401r_uvision.o(.text)
    .text                                    0x0000017c   Section        0  memcpya.o(.text)
    .text                                    0x000001a0   Section        0  dadd.o(.text)
    .text                                    0x000002ee   Section        0  dmul.o(.text)
    .text                                    0x000003d2   Section        0  ddiv.o(.text)
    .text                                    0x000004b0   Section        0  uidiv.o(.text)
    .text                                    0x000004dc   Section        0  uldiv.o(.text)
    .text                                    0x0000053e   Section        0  llshl.o(.text)
    .text                                    0x0000055c   Section        0  llushr.o(.text)
    .text                                    0x0000057c   Section        0  llsshr.o(.text)
    .text                                    0x000005a0   Section        0  depilogue.o(.text)
    .text                                    0x000005a0   Section        0  iusefp.o(.text)
    .text                                    0x0000065a   Section        0  dfixul.o(.text)
    .text                                    0x0000068c   Section       48  cdrcmple.o(.text)
    .text                                    0x000006bc   Section       36  init.o(.text)
    i.ADC14_clearInterruptFlag               0x000006e0   Section        0  adc14.o(i.ADC14_clearInterruptFlag)
    i.BaseBoardInit                          0x000006fc   Section        0  baseboard.o(i.BaseBoardInit)
    i.CS_clearInterruptFlag                  0x00000738   Section        0  cs.o(i.CS_clearInterruptFlag)
    i.CS_getACLK                             0x0000075c   Section        0  cs.o(i.CS_getACLK)
    i.CS_getDCOFrequency                     0x00000774   Section        0  cs.o(i.CS_getDCOFrequency)
    i.CS_getMCLK                             0x00000880   Section        0  cs.o(i.CS_getMCLK)
    i.CS_getSMCLK                            0x00000898   Section        0  cs.o(i.CS_getSMCLK)
    i.CS_setExternalClockSourceFrequency     0x000008b0   Section        0  cs.o(i.CS_setExternalClockSourceFrequency)
    i.CS_startHFXT                           0x000008bc   Section        0  cs.o(i.CS_startHFXT)
    i.CS_startHFXTWithTimeout                0x000008c4   Section        0  cs.o(i.CS_startHFXTWithTimeout)
    i.CS_startLFXT                           0x00000964   Section        0  cs.o(i.CS_startLFXT)
    i.CS_startLFXTWithTimeout                0x0000096c   Section        0  cs.o(i.CS_startLFXTWithTimeout)
    i.DMA_INT1_IRQHandler                    0x00000a0c   Section        0  adc.o(i.DMA_INT1_IRQHandler)
    i.DMA_clearInterruptFlag                 0x00000a9c   Section        0  dma.o(i.DMA_clearInterruptFlag)
    i.DMA_enableChannel                      0x00000ab4   Section        0  dma.o(i.DMA_enableChannel)
    i.DMA_setChannelTransfer                 0x00000ac8   Section        0  dma.o(i.DMA_setChannelTransfer)
    i.DrawBitmap                             0x00000b48   Section        0  oled_draw.o(i.DrawBitmap)
    i.DriverInit                             0x00000cec   Section        0  oled_config.o(i.DriverInit)
    i.GetDrawColor                           0x00000cfc   Section        0  oled_color.o(i.GetDrawColor)
    i.I2C_Configuration                      0x00000d08   Section        0  oled_driver.o(i.I2C_Configuration)
    i.I2C_masterSendMultiByteFinishWithTimeout 0x00000d60   Section        0  i2c.o(i.I2C_masterSendMultiByteFinishWithTimeout)
    i.I2C_masterSendMultiByteStartWithTimeout 0x00000da0   Section        0  i2c.o(i.I2C_masterSendMultiByteStartWithTimeout)
    i.InitGraph                              0x00000ddc   Section        0  oled_basic.o(i.InitGraph)
    i.LED_B_Tog                              0x00000de0   Section        0  led.o(i.LED_B_Tog)
    i.LED_G_Tog                              0x00000df4   Section        0  led.o(i.LED_G_Tog)
    i.LED_Init                               0x00000e08   Section        0  led.o(i.LED_Init)
    i.LED_R_Tog                              0x00000e40   Section        0  led.o(i.LED_R_Tog)
    i.LED_W_Tog                              0x00000e54   Section        0  led.o(i.LED_W_Tog)
    i.OLED_CLS                               0x00000e66   Section        0  oled_driver.o(i.OLED_CLS)
    i.OLED_FILL                              0x00000e9c   Section        0  oled_driver.o(i.OLED_FILL)
    i.OLED_Init                              0x00000f04   Section        0  oled_driver.o(i.OLED_Init)
    i.ReadByteBuffer                         0x0000106c   Section        0  oled_buffer.o(i.ReadByteBuffer)
    i.SelectDownOLED                         0x0000108c   Section        0  oled_driver.o(i.SelectDownOLED)
    i.SelectUpOLED                           0x000010a0   Section        0  oled_driver.o(i.SelectUpOLED)
    i.SysCtl_A_disableNMISource              0x000010b4   Section        0  sysctl_a.o(i.SysCtl_A_disableNMISource)
    i.SysCtl_A_enableNMISource               0x000010c4   Section        0  sysctl_a.o(i.SysCtl_A_enableNMISource)
    i.SysCtl_A_getNMISourceStatus            0x000010d4   Section        0  sysctl_a.o(i.SysCtl_A_getNMISourceStatus)
    i.SysCtl_A_getTLVInfo                    0x000010e4   Section        0  sysctl_a.o(i.SysCtl_A_getTLVInfo)
    i.SysInit                                0x0000112c   Section        0  sysinit.o(i.SysInit)
    i.SystemInit                             0x000011b8   Section        0  system_msp432p401r.o(i.SystemInit)
    i.TA2_N_IRQHandler                       0x00001218   Section        0  tima.o(i.TA2_N_IRQHandler)
    i.Timer_A_clearInterruptFlag             0x000012bc   Section        0  timer_a.o(i.Timer_A_clearInterruptFlag)
    i.Timer_A_stopTimer                      0x000012c8   Section        0  timer_a.o(i.Timer_A_stopTimer)
    i.UART_initModule                        0x000012d2   Section        0  uart.o(i.UART_initModule)
    i.UART_transmitData                      0x00001364   Section        0  uart.o(i.UART_transmitData)
    i.UpdateScreen                           0x0000137a   Section        0  oled_basic.o(i.UpdateScreen)
    i.UpdateScreenBuffer                     0x00001380   Section        0  oled_config.o(i.UpdateScreenBuffer)
    i.UpdateScreenDisplay                    0x0000138c   Section        0  oled_buffer.o(i.UpdateScreenDisplay)
    i.WriteByteBuffer                        0x00001390   Section        0  oled_buffer.o(i.WriteByteBuffer)
    i.WriteCmd                               0x000013b0   Section        0  oled_driver.o(i.WriteCmd)
    i.WriteDat                               0x000013d4   Section        0  oled_driver.o(i.WriteDat)
    i._CSComputeCLKFrequency                 0x000013f8   Section        0  cs.o(i._CSComputeCLKFrequency)
    _CSComputeCLKFrequency                   0x000013f9   Thumb Code   176  cs.o(i._CSComputeCLKFrequency)
    i._CSGetHFXTFrequency                    0x000014b8   Section        0  cs.o(i._CSGetHFXTFrequency)
    _CSGetHFXTFrequency                      0x000014b9   Thumb Code   106  cs.o(i._CSGetHFXTFrequency)
    i.__0printf                              0x00001550   Section        0  printfa.o(i.__0printf)
    i.__scatterload_copy                     0x00001570   Section       14  handlers.o(i.__scatterload_copy)
    i.__scatterload_null                     0x0000157e   Section        2  handlers.o(i.__scatterload_null)
    i.__scatterload_zeroinit                 0x00001580   Section       14  handlers.o(i.__scatterload_zeroinit)
    i._fp_digits                             0x00001590   Section        0  printfa.o(i._fp_digits)
    _fp_digits                               0x00001591   Thumb Code   366  printfa.o(i._fp_digits)
    i._printf_core                           0x00001714   Section        0  printfa.o(i._printf_core)
    _printf_core                             0x00001715   Thumb Code  1744  printfa.o(i._printf_core)
    i._printf_post_padding                   0x00001df0   Section        0  printfa.o(i._printf_post_padding)
    _printf_post_padding                     0x00001df1   Thumb Code    36  printfa.o(i._printf_post_padding)
    i._printf_pre_padding                    0x00001e14   Section        0  printfa.o(i._printf_pre_padding)
    _printf_pre_padding                      0x00001e15   Thumb Code    46  printfa.o(i._printf_pre_padding)
    i.bitPosition                            0x00001e42   Section        0  baudrate_calculate.o(i.bitPosition)
    i.delay_init                             0x00001e54   Section        0  delay.o(i.delay_init)
    i.delay_ms                               0x00001e7c   Section        0  delay.o(i.delay_ms)
    i.delay_us                               0x00001e94   Section        0  delay.o(i.delay_us)
    i.eusci_calcBaudDividers                 0x00001ec8   Section        0  baudrate_calculate.o(i.eusci_calcBaudDividers)
    i.fputc                                  0x00001ff4   Section        0  usart.o(i.fputc)
    i.main                                   0x00002008   Section        0  main.o(i.main)
    i.pgm_read_byte                          0x00002064   Section        0  oled_basic.o(i.pgm_read_byte)
    i.uart_init                              0x00002068   Section        0  usart.o(i.uart_init)
    .constdata                               0x000020b4   Section       40  usart.o(.constdata)
    .constdata                               0x000020dc   Section     1024  oled_bmp.o(.constdata)
    .constdata                               0x000024dc   Section       20  oled_driver.o(.constdata)
    .data                                    0x20000000   Section        2  adc.o(.data)
    i                                        0x20000001   Data           1  adc.o(.data)
    .data                                    0x20000002   Section        8  tima.o(.data)
    i                                        0x20000003   Data           1  tima.o(.data)
    .data                                    0x2000000c   Section        4  usart.o(.data)
    .data                                    0x20000010   Section        1  delay.o(.data)
    fac_us                                   0x20000010   Data           1  delay.o(.data)
    .data                                    0x20000011   Section        1  oled_buffer.o(.data)
    _SelectedBuffer                          0x20000011   Data           1  oled_buffer.o(.data)
    .data                                    0x20000012   Section        2  oled_color.o(.data)
    _Draw                                    0x20000012   Data           1  oled_color.o(.data)
    _fill                                    0x20000013   Data           1  oled_color.o(.data)
    .data                                    0x20000014   Section        8  cs.o(.data)
    hfxtFreq                                 0x20000014   Data           4  cs.o(.data)
    lfxtFreq                                 0x20000018   Data           4  cs.o(.data)
    .bss                                     0x20000400   Section     2560  adc.o(.bss)
    MSP_EXP432P401RLP_DMAControlTable        0x20000400   Data         512  adc.o(.bss)
    .bss                                     0x20000e00   Section       10  tima.o(.bss)
    .bss                                     0x20000e0a   Section     2048  oled_buffer.o(.bss)
    STACK                                    0x20001610   Section      512  startup_msp432p401r_uvision.o(STACK)

    Global Symbols

    Symbol Name                              Value     Ov Type        Size  Object(Section)

    BuildAttributes$$THM_ISAv4$E$P$D$K$B$S$7EM$VFPi3$EXTD16$VFPS$VFMA$PE$A:L22UL41UL21$X:L11$S22US41US21$IEEE1$IW$USESV6$~STKCKD$USESV7$~SHL$OTIME$ROPI$IEEEX$EBA8$MICROLIB$REQ8$PRES8$EABIv2 0x00000000   Number         0  anon$$obj.o ABSOLUTE
    __ARM_use_no_argv                        0x00000000   Number         0  main.o ABSOLUTE
    __Vectors                                0x00000000   Data           4  startup_msp432p401r_uvision.o(RESET)
    __use_no_errno                           0x00000000   Number         0  useno.o ABSOLUTE
    __use_no_exception_handling              0x00000000   Number         0  useno.o ABSOLUTE
    __use_no_fp                              0x00000000   Number         0  useno.o ABSOLUTE
    __use_no_heap                            0x00000000   Number         0  useno.o ABSOLUTE
    __use_no_heap_region                     0x00000000   Number         0  useno.o ABSOLUTE
    __use_no_semihosting                     0x00000000   Number         0  useno.o ABSOLUTE
    __use_no_semihosting_swi                 0x00000000   Number         0  useno.o ABSOLUTE
    __use_no_signal_handling                 0x00000000   Number         0  useno.o ABSOLUTE
    _printf_a                                0x00000000   Number         0  stubs.o ABSOLUTE
    _printf_c                                0x00000000   Number         0  stubs.o ABSOLUTE
    _printf_charcount                        0x00000000   Number         0  stubs.o ABSOLUTE
    _printf_d                                0x00000000   Number         0  stubs.o ABSOLUTE
    _printf_e                                0x00000000   Number         0  stubs.o ABSOLUTE
    _printf_f                                0x00000000   Number         0  stubs.o ABSOLUTE
    _printf_flags                            0x00000000   Number         0  stubs.o ABSOLUTE
    _printf_fp_dec                           0x00000000   Number         0  stubs.o ABSOLUTE
    _printf_fp_hex                           0x00000000   Number         0  stubs.o ABSOLUTE
    _printf_g                                0x00000000   Number         0  stubs.o ABSOLUTE
    _printf_i                                0x00000000   Number         0  stubs.o ABSOLUTE
    _printf_int_dec                          0x00000000   Number         0  stubs.o ABSOLUTE
    _printf_l                                0x00000000   Number         0  stubs.o ABSOLUTE
    _printf_lc                               0x00000000   Number         0  stubs.o ABSOLUTE
    _printf_ll                               0x00000000   Number         0  stubs.o ABSOLUTE
    _printf_lld                              0x00000000   Number         0  stubs.o ABSOLUTE
    _printf_lli                              0x00000000   Number         0  stubs.o ABSOLUTE
    _printf_llo                              0x00000000   Number         0  stubs.o ABSOLUTE
    _printf_llu                              0x00000000   Number         0  stubs.o ABSOLUTE
    _printf_llx                              0x00000000   Number         0  stubs.o ABSOLUTE
    _printf_longlong_dec                     0x00000000   Number         0  stubs.o ABSOLUTE
    _printf_longlong_hex                     0x00000000   Number         0  stubs.o ABSOLUTE
    _printf_longlong_oct                     0x00000000   Number         0  stubs.o ABSOLUTE
    _printf_ls                               0x00000000   Number         0  stubs.o ABSOLUTE
    _printf_mbtowc                           0x00000000   Number         0  stubs.o ABSOLUTE
    _printf_n                                0x00000000   Number         0  stubs.o ABSOLUTE
    _printf_o                                0x00000000   Number         0  stubs.o ABSOLUTE
    _printf_p                                0x00000000   Number         0  stubs.o ABSOLUTE
    _printf_percent                          0x00000000   Number         0  stubs.o ABSOLUTE
    _printf_pre_padding                      0x00000000   Number         0  stubs.o ABSOLUTE
    _printf_return_value                     0x00000000   Number         0  stubs.o ABSOLUTE
    _printf_s                                0x00000000   Number         0  stubs.o ABSOLUTE
    _printf_sizespec                         0x00000000   Number         0  stubs.o ABSOLUTE
    _printf_str                              0x00000000   Number         0  stubs.o ABSOLUTE
    _printf_truncate_signed                  0x00000000   Number         0  stubs.o ABSOLUTE
    _printf_truncate_unsigned                0x00000000   Number         0  stubs.o ABSOLUTE
    _printf_u                                0x00000000   Number         0  stubs.o ABSOLUTE
    _printf_wc                               0x00000000   Number         0  stubs.o ABSOLUTE
    _printf_wctomb                           0x00000000   Number         0  stubs.o ABSOLUTE
    _printf_widthprec                        0x00000000   Number         0  stubs.o ABSOLUTE
    _printf_x                                0x00000000   Number         0  stubs.o ABSOLUTE
    __cpp_initialize__aeabi_                  - Undefined Weak Reference
    __cxa_finalize                            - Undefined Weak Reference
    __decompress                              - Undefined Weak Reference
    _clock_init                               - Undefined Weak Reference
    _microlib_exit                            - Undefined Weak Reference
    __Vectors_End                            0x00000144   Data           0  startup_msp432p401r_uvision.o(RESET)
    __Vectors_Size                           0x00000144   Number         0  startup_msp432p401r_uvision.o ABSOLUTE
    __main                                   0x00000145   Thumb Code     0  entry.o(.ARM.Collect$$$$00000000)
    _main_stk                                0x00000145   Thumb Code     0  entry2.o(.ARM.Collect$$$$00000001)
    _main_scatterload                        0x00000149   Thumb Code     0  entry5.o(.ARM.Collect$$$$00000004)
    __main_after_scatterload                 0x0000014d   Thumb Code     0  entry5.o(.ARM.Collect$$$$00000004)
    _main_clock                              0x0000014d   Thumb Code     0  entry7b.o(.ARM.Collect$$$$00000008)
    _main_cpp_init                           0x0000014d   Thumb Code     0  entry8b.o(.ARM.Collect$$$$0000000A)
    _main_init                               0x0000014d   Thumb Code     0  entry9a.o(.ARM.Collect$$$$0000000B)
    __rt_final_cpp                           0x00000155   Thumb Code     0  entry10a.o(.ARM.Collect$$$$0000000D)
    __rt_final_exit                          0x00000155   Thumb Code     0  entry11a.o(.ARM.Collect$$$$0000000F)
    Reset_Handler                            0x00000159   Thumb Code     8  startup_msp432p401r_uvision.o(.text)
    NMI_Handler                              0x00000161   Thumb Code     2  startup_msp432p401r_uvision.o(.text)
    HardFault_Handler                        0x00000163   Thumb Code     2  startup_msp432p401r_uvision.o(.text)
    MemManage_Handler                        0x00000165   Thumb Code     2  startup_msp432p401r_uvision.o(.text)
    BusFault_Handler                         0x00000167   Thumb Code     2  startup_msp432p401r_uvision.o(.text)
    UsageFault_Handler                       0x00000169   Thumb Code     2  startup_msp432p401r_uvision.o(.text)
    SVC_Handler                              0x0000016b   Thumb Code     2  startup_msp432p401r_uvision.o(.text)
    DebugMon_Handler                         0x0000016d   Thumb Code     2  startup_msp432p401r_uvision.o(.text)
    PendSV_Handler                           0x0000016f   Thumb Code     2  startup_msp432p401r_uvision.o(.text)
    SysTick_Handler                          0x00000171   Thumb Code     2  startup_msp432p401r_uvision.o(.text)
    ADC14_IRQHandler                         0x00000173   Thumb Code     0  startup_msp432p401r_uvision.o(.text)
    AES256_IRQHandler                        0x00000173   Thumb Code     0  startup_msp432p401r_uvision.o(.text)
    COMP_E0_IRQHandler                       0x00000173   Thumb Code     0  startup_msp432p401r_uvision.o(.text)
    COMP_E1_IRQHandler                       0x00000173   Thumb Code     0  startup_msp432p401r_uvision.o(.text)
    CS_IRQHandler                            0x00000173   Thumb Code     0  startup_msp432p401r_uvision.o(.text)
    DMA_ERR_IRQHandler                       0x00000173   Thumb Code     0  startup_msp432p401r_uvision.o(.text)
    DMA_INT0_IRQHandler                      0x00000173   Thumb Code     0  startup_msp432p401r_uvision.o(.text)
    DMA_INT2_IRQHandler                      0x00000173   Thumb Code     0  startup_msp432p401r_uvision.o(.text)
    DMA_INT3_IRQHandler                      0x00000173   Thumb Code     0  startup_msp432p401r_uvision.o(.text)
    EUSCIA0_IRQHandler                       0x00000173   Thumb Code     0  startup_msp432p401r_uvision.o(.text)
    EUSCIA1_IRQHandler                       0x00000173   Thumb Code     0  startup_msp432p401r_uvision.o(.text)
    EUSCIA2_IRQHandler                       0x00000173   Thumb Code     0  startup_msp432p401r_uvision.o(.text)
    EUSCIA3_IRQHandler                       0x00000173   Thumb Code     0  startup_msp432p401r_uvision.o(.text)
    EUSCIB0_IRQHandler                       0x00000173   Thumb Code     0  startup_msp432p401r_uvision.o(.text)
    EUSCIB1_IRQHandler                       0x00000173   Thumb Code     0  startup_msp432p401r_uvision.o(.text)
    EUSCIB2_IRQHandler                       0x00000173   Thumb Code     0  startup_msp432p401r_uvision.o(.text)
    EUSCIB3_IRQHandler                       0x00000173   Thumb Code     0  startup_msp432p401r_uvision.o(.text)
    FLCTL_IRQHandler                         0x00000173   Thumb Code     0  startup_msp432p401r_uvision.o(.text)
    FPU_IRQHandler                           0x00000173   Thumb Code     0  startup_msp432p401r_uvision.o(.text)
    PCM_IRQHandler                           0x00000173   Thumb Code     0  startup_msp432p401r_uvision.o(.text)
    PORT1_IRQHandler                         0x00000173   Thumb Code     0  startup_msp432p401r_uvision.o(.text)
    PORT2_IRQHandler                         0x00000173   Thumb Code     0  startup_msp432p401r_uvision.o(.text)
    PORT3_IRQHandler                         0x00000173   Thumb Code     0  startup_msp432p401r_uvision.o(.text)
    PORT4_IRQHandler                         0x00000173   Thumb Code     0  startup_msp432p401r_uvision.o(.text)
    PORT5_IRQHandler                         0x00000173   Thumb Code     0  startup_msp432p401r_uvision.o(.text)
    PORT6_IRQHandler                         0x00000173   Thumb Code     0  startup_msp432p401r_uvision.o(.text)
    PSS_IRQHandler                           0x00000173   Thumb Code     0  startup_msp432p401r_uvision.o(.text)
    RTC_C_IRQHandler                         0x00000173   Thumb Code     0  startup_msp432p401r_uvision.o(.text)
    T32_INT1_IRQHandler                      0x00000173   Thumb Code     0  startup_msp432p401r_uvision.o(.text)
    T32_INT2_IRQHandler                      0x00000173   Thumb Code     0  startup_msp432p401r_uvision.o(.text)
    T32_INTC_IRQHandler                      0x00000173   Thumb Code     0  startup_msp432p401r_uvision.o(.text)
    TA0_0_IRQHandler                         0x00000173   Thumb Code     0  startup_msp432p401r_uvision.o(.text)
    TA0_N_IRQHandler                         0x00000173   Thumb Code     0  startup_msp432p401r_uvision.o(.text)
    TA1_0_IRQHandler                         0x00000173   Thumb Code     0  startup_msp432p401r_uvision.o(.text)
    TA1_N_IRQHandler                         0x00000173   Thumb Code     0  startup_msp432p401r_uvision.o(.text)
    TA2_0_IRQHandler                         0x00000173   Thumb Code     0  startup_msp432p401r_uvision.o(.text)
    TA3_0_IRQHandler                         0x00000173   Thumb Code     0  startup_msp432p401r_uvision.o(.text)
    TA3_N_IRQHandler                         0x00000173   Thumb Code     0  startup_msp432p401r_uvision.o(.text)
    WDT_A_IRQHandler                         0x00000173   Thumb Code     0  startup_msp432p401r_uvision.o(.text)
    __aeabi_memcpy                           0x0000017d   Thumb Code    36  memcpya.o(.text)
    __aeabi_memcpy4                          0x0000017d   Thumb Code     0  memcpya.o(.text)
    __aeabi_memcpy8                          0x0000017d   Thumb Code     0  memcpya.o(.text)
    __aeabi_dadd                             0x000001a1   Thumb Code   322  dadd.o(.text)
    __aeabi_dsub                             0x000002e3   Thumb Code     6  dadd.o(.text)
    __aeabi_drsub                            0x000002e9   Thumb Code     6  dadd.o(.text)
    __aeabi_dmul                             0x000002ef   Thumb Code   228  dmul.o(.text)
    __aeabi_ddiv                             0x000003d3   Thumb Code   222  ddiv.o(.text)
    __aeabi_uidiv                            0x000004b1   Thumb Code     0  uidiv.o(.text)
    __aeabi_uidivmod                         0x000004b1   Thumb Code    44  uidiv.o(.text)
    __aeabi_uldivmod                         0x000004dd   Thumb Code    98  uldiv.o(.text)
    __aeabi_llsl                             0x0000053f   Thumb Code    30  llshl.o(.text)
    _ll_shift_l                              0x0000053f   Thumb Code     0  llshl.o(.text)
    __aeabi_llsr                             0x0000055d   Thumb Code    32  llushr.o(.text)
    _ll_ushift_r                             0x0000055d   Thumb Code     0  llushr.o(.text)
    __aeabi_lasr                             0x0000057d   Thumb Code    36  llsshr.o(.text)
    _ll_sshift_r                             0x0000057d   Thumb Code     0  llsshr.o(.text)
    __I$use$fp                               0x000005a1   Thumb Code     0  iusefp.o(.text)
    _double_round                            0x000005a1   Thumb Code    30  depilogue.o(.text)
    _double_epilogue                         0x000005bf   Thumb Code   156  depilogue.o(.text)
    __aeabi_d2ulz                            0x0000065b   Thumb Code    48  dfixul.o(.text)
    __aeabi_cdrcmple                         0x0000068d   Thumb Code    48  cdrcmple.o(.text)
    __scatterload                            0x000006bd   Thumb Code    28  init.o(.text)
    __scatterload_rt2                        0x000006bd   Thumb Code     0  init.o(.text)
    ADC14_clearInterruptFlag                 0x000006e1   Thumb Code    24  adc14.o(i.ADC14_clearInterruptFlag)
    BaseBoardInit                            0x000006fd   Thumb Code    52  baseboard.o(i.BaseBoardInit)
    CS_clearInterruptFlag                    0x00000739   Thumb Code    26  cs.o(i.CS_clearInterruptFlag)
    CS_getACLK                               0x0000075d   Thumb Code    20  cs.o(i.CS_getACLK)
    CS_getDCOFrequency                       0x00000775   Thumb Code   234  cs.o(i.CS_getDCOFrequency)
    CS_getMCLK                               0x00000881   Thumb Code    20  cs.o(i.CS_getMCLK)
    CS_getSMCLK                              0x00000899   Thumb Code    18  cs.o(i.CS_getSMCLK)
    CS_setExternalClockSourceFrequency       0x000008b1   Thumb Code     8  cs.o(i.CS_setExternalClockSourceFrequency)
    CS_startHFXT                             0x000008bd   Thumb Code     6  cs.o(i.CS_startHFXT)
    CS_startHFXTWithTimeout                  0x000008c5   Thumb Code   144  cs.o(i.CS_startHFXTWithTimeout)
    CS_startLFXT                             0x00000965   Thumb Code     6  cs.o(i.CS_startLFXT)
    CS_startLFXTWithTimeout                  0x0000096d   Thumb Code   144  cs.o(i.CS_startLFXTWithTimeout)
    DMA_INT1_IRQHandler                      0x00000a0d   Thumb Code   120  adc.o(i.DMA_INT1_IRQHandler)
    DMA_clearInterruptFlag                   0x00000a9d   Thumb Code    18  dma.o(i.DMA_clearInterruptFlag)
    DMA_enableChannel                        0x00000ab5   Thumb Code    14  dma.o(i.DMA_enableChannel)
    DMA_setChannelTransfer                   0x00000ac9   Thumb Code   124  dma.o(i.DMA_setChannelTransfer)
    DrawBitmap                               0x00000b49   Thumb Code   420  oled_draw.o(i.DrawBitmap)
    DriverInit                               0x00000ced   Thumb Code    14  oled_config.o(i.DriverInit)
    GetDrawColor                             0x00000cfd   Thumb Code     6  oled_color.o(i.GetDrawColor)
    I2C_Configuration                        0x00000d09   Thumb Code    76  oled_driver.o(i.I2C_Configuration)
    I2C_masterSendMultiByteFinishWithTimeout 0x00000d61   Thumb Code    64  i2c.o(i.I2C_masterSendMultiByteFinishWithTimeout)
    I2C_masterSendMultiByteStartWithTimeout  0x00000da1   Thumb Code    60  i2c.o(i.I2C_masterSendMultiByteStartWithTimeout)
    InitGraph                                0x00000ddd   Thumb Code     4  oled_basic.o(i.InitGraph)
    LED_B_Tog                                0x00000de1   Thumb Code    14  led.o(i.LED_B_Tog)
    LED_G_Tog                                0x00000df5   Thumb Code    14  led.o(i.LED_G_Tog)
    LED_Init                                 0x00000e09   Thumb Code    46  led.o(i.LED_Init)
    LED_R_Tog                                0x00000e41   Thumb Code    14  led.o(i.LED_R_Tog)
    LED_W_Tog                                0x00000e55   Thumb Code    18  led.o(i.LED_W_Tog)
    OLED_CLS                                 0x00000e67   Thumb Code    52  oled_driver.o(i.OLED_CLS)
    OLED_FILL                                0x00000e9d   Thumb Code    94  oled_driver.o(i.OLED_FILL)
    OLED_Init                                0x00000f05   Thumb Code   358  oled_driver.o(i.OLED_Init)
    ReadByteBuffer                           0x0000106d   Thumb Code    20  oled_buffer.o(i.ReadByteBuffer)
    SelectDownOLED                           0x0000108d   Thumb Code    12  oled_driver.o(i.SelectDownOLED)
    SelectUpOLED                             0x000010a1   Thumb Code    12  oled_driver.o(i.SelectUpOLED)
    SysCtl_A_disableNMISource                0x000010b5   Thumb Code    10  sysctl_a.o(i.SysCtl_A_disableNMISource)
    SysCtl_A_enableNMISource                 0x000010c5   Thumb Code    10  sysctl_a.o(i.SysCtl_A_enableNMISource)
    SysCtl_A_getNMISourceStatus              0x000010d5   Thumb Code    10  sysctl_a.o(i.SysCtl_A_getNMISourceStatus)
    SysCtl_A_getTLVInfo                      0x000010e5   Thumb Code    64  sysctl_a.o(i.SysCtl_A_getTLVInfo)
    SysInit                                  0x0000112d   Thumb Code   126  sysinit.o(i.SysInit)
    SystemInit                               0x000011b9   Thumb Code    76  system_msp432p401r.o(i.SystemInit)
    TA2_N_IRQHandler                         0x00001219   Thumb Code   146  tima.o(i.TA2_N_IRQHandler)
    Timer_A_clearInterruptFlag               0x000012bd   Thumb Code    12  timer_a.o(i.Timer_A_clearInterruptFlag)
    Timer_A_stopTimer                        0x000012c9   Thumb Code    10  timer_a.o(i.Timer_A_stopTimer)
    UART_initModule                          0x000012d3   Thumb Code   146  uart.o(i.UART_initModule)
    UART_transmitData                        0x00001365   Thumb Code    22  uart.o(i.UART_transmitData)
    UpdateScreen                             0x0000137b   Thumb Code     4  oled_basic.o(i.UpdateScreen)
    UpdateScreenBuffer                       0x00001381   Thumb Code     6  oled_config.o(i.UpdateScreenBuffer)
    UpdateScreenDisplay                      0x0000138d   Thumb Code     4  oled_buffer.o(i.UpdateScreenDisplay)
    WriteByteBuffer                          0x00001391   Thumb Code    20  oled_buffer.o(i.WriteByteBuffer)
    WriteCmd                                 0x000013b1   Thumb Code    30  oled_driver.o(i.WriteCmd)
    WriteDat                                 0x000013d5   Thumb Code    30  oled_driver.o(i.WriteDat)
    __0printf                                0x00001551   Thumb Code    22  printfa.o(i.__0printf)
    __1printf                                0x00001551   Thumb Code     0  printfa.o(i.__0printf)
    __2printf                                0x00001551   Thumb Code     0  printfa.o(i.__0printf)
    __c89printf                              0x00001551   Thumb Code     0  printfa.o(i.__0printf)
    printf                                   0x00001551   Thumb Code     0  printfa.o(i.__0printf)
    __scatterload_copy                       0x00001571   Thumb Code    14  handlers.o(i.__scatterload_copy)
    __scatterload_null                       0x0000157f   Thumb Code     2  handlers.o(i.__scatterload_null)
    __scatterload_zeroinit                   0x00001581   Thumb Code    14  handlers.o(i.__scatterload_zeroinit)
    bitPosition                              0x00001e43   Thumb Code    16  baudrate_calculate.o(i.bitPosition)
    delay_init                               0x00001e55   Thumb Code    30  delay.o(i.delay_init)
    delay_ms                                 0x00001e7d   Thumb Code    24  delay.o(i.delay_ms)
    delay_us                                 0x00001e95   Thumb Code    46  delay.o(i.delay_us)
    eusci_calcBaudDividers                   0x00001ec9   Thumb Code   282  baudrate_calculate.o(i.eusci_calcBaudDividers)
    fputc                                    0x00001ff5   Thumb Code    16  usart.o(i.fputc)
    main                                     0x00002009   Thumb Code    72  main.o(i.main)
    pgm_read_byte                            0x00002065   Thumb Code     4  oled_basic.o(i.pgm_read_byte)
    uart_init                                0x00002069   Thumb Code    64  usart.o(i.uart_init)
    TiLOGO                                   0x000020dc   Data        1024  oled_bmp.o(.constdata)
    Region$$Table$$Base                      0x000024f0   Number         0  anon$$obj.o(Region$$Table)
    Region$$Table$$Limit                     0x00002510   Number         0  anon$$obj.o(Region$$Table)
    recv_done_flag                           0x20000000   Data           1  adc.o(.data)
    TIMA2_CAP_STA                            0x20000002   Data           1  tima.o(.data)
    true_T                                   0x20000004   Data           2  tima.o(.data)
    dt_1                                     0x20000006   Data           2  tima.o(.data)
    dt_2                                     0x20000008   Data           2  tima.o(.data)
    __stdout                                 0x2000000c   Data           4  usart.o(.data)
    adc_inputbuf                             0x20000600   Data        2048  adc.o(.bss)
    capTim                                   0x20000e00   Data          10  tima.o(.bss)
    ScreenBuffer                             0x20000e0a   Data        1024  oled_buffer.o(.bss)
    TempBuffer                               0x2000120a   Data        1024  oled_buffer.o(.bss)
    __initial_sp                             0x20001810   Data           0  startup_msp432p401r_uvision.o(STACK)



==============================================================================

Memory Map of the image

  Image Entry point : 0x00000145

  Load Region LR_IROM1 (Base: 0x00000000, Size: 0x0000252c, Max: 0x00040000, ABSOLUTE)

    Execution Region ER_IROM1 (Exec base: 0x00000000, Load base: 0x00000000, Size: 0x00002510, Max: 0x00040000, ABSOLUTE)

    Exec Addr    Load Addr    Size         Type   Attr      Idx    E Section Name        Object

    0x00000000   0x00000000   0x00000144   Data   RO           73    RESET               startup_msp432p401r_uvision.o
    0x00000144   0x00000144   0x00000000   Code   RO         3342  * .ARM.Collect$$$$00000000  mc_w.l(entry.o)
    0x00000144   0x00000144   0x00000004   Code   RO         3677    .ARM.Collect$$$$00000001  mc_w.l(entry2.o)
    0x00000148   0x00000148   0x00000004   Code   RO         3680    .ARM.Collect$$$$00000004  mc_w.l(entry5.o)
    0x0000014c   0x0000014c   0x00000000   Code   RO         3682    .ARM.Collect$$$$00000008  mc_w.l(entry7b.o)
    0x0000014c   0x0000014c   0x00000000   Code   RO         3684    .ARM.Collect$$$$0000000A  mc_w.l(entry8b.o)
    0x0000014c   0x0000014c   0x00000008   Code   RO         3685    .ARM.Collect$$$$0000000B  mc_w.l(entry9a.o)
    0x00000154   0x00000154   0x00000000   Code   RO         3687    .ARM.Collect$$$$0000000D  mc_w.l(entry10a.o)
    0x00000154   0x00000154   0x00000000   Code   RO         3689    .ARM.Collect$$$$0000000F  mc_w.l(entry11a.o)
    0x00000154   0x00000154   0x00000004   Code   RO         3678    .ARM.Collect$$$$00002712  mc_w.l(entry2.o)
    0x00000158   0x00000158   0x00000024   Code   RO           74    .text               startup_msp432p401r_uvision.o
    0x0000017c   0x0000017c   0x00000024   Code   RO         3345    .text               mc_w.l(memcpya.o)
    0x000001a0   0x000001a0   0x0000014e   Code   RO         3614    .text               mf_w.l(dadd.o)
    0x000002ee   0x000002ee   0x000000e4   Code   RO         3616    .text               mf_w.l(dmul.o)
    0x000003d2   0x000003d2   0x000000de   Code   RO         3618    .text               mf_w.l(ddiv.o)
    0x000004b0   0x000004b0   0x0000002c   Code   RO         3691    .text               mc_w.l(uidiv.o)
    0x000004dc   0x000004dc   0x00000062   Code   RO         3693    .text               mc_w.l(uldiv.o)
    0x0000053e   0x0000053e   0x0000001e   Code   RO         3695    .text               mc_w.l(llshl.o)
    0x0000055c   0x0000055c   0x00000020   Code   RO         3697    .text               mc_w.l(llushr.o)
    0x0000057c   0x0000057c   0x00000024   Code   RO         3699    .text               mc_w.l(llsshr.o)
    0x000005a0   0x000005a0   0x00000000   Code   RO         3708    .text               mc_w.l(iusefp.o)
    0x000005a0   0x000005a0   0x000000ba   Code   RO         3711    .text               mf_w.l(depilogue.o)
    0x0000065a   0x0000065a   0x00000030   Code   RO         3717    .text               mf_w.l(dfixul.o)
    0x0000068a   0x0000068a   0x00000002   PAD
    0x0000068c   0x0000068c   0x00000030   Code   RO         3721    .text               mf_w.l(cdrcmple.o)
    0x000006bc   0x000006bc   0x00000024   Code   RO         3727    .text               mc_w.l(init.o)
    0x000006e0   0x000006e0   0x0000001c   Code   RO         1562    i.ADC14_clearInterruptFlag  msp432p4xx_driverlib.lib(adc14.o)
    0x000006fc   0x000006fc   0x0000003c   Code   RO          653    i.BaseBoardInit     baseboard.o
    0x00000738   0x00000738   0x00000024   Code   RO         1834    i.CS_clearInterruptFlag  msp432p4xx_driverlib.lib(cs.o)
    0x0000075c   0x0000075c   0x00000018   Code   RO         1843    i.CS_getACLK        msp432p4xx_driverlib.lib(cs.o)
    0x00000774   0x00000774   0x0000010c   Code   RO         1845    i.CS_getDCOFrequency  msp432p4xx_driverlib.lib(cs.o)
    0x00000880   0x00000880   0x00000018   Code   RO         1849    i.CS_getMCLK        msp432p4xx_driverlib.lib(cs.o)
    0x00000898   0x00000898   0x00000018   Code   RO         1850    i.CS_getSMCLK       msp432p4xx_driverlib.lib(cs.o)
    0x000008b0   0x000008b0   0x0000000c   Code   RO         1857    i.CS_setExternalClockSourceFrequency  msp432p4xx_driverlib.lib(cs.o)
    0x000008bc   0x000008bc   0x00000006   Code   RO         1860    i.CS_startHFXT      msp432p4xx_driverlib.lib(cs.o)
    0x000008c2   0x000008c2   0x00000002   PAD
    0x000008c4   0x000008c4   0x000000a0   Code   RO         1861    i.CS_startHFXTWithTimeout  msp432p4xx_driverlib.lib(cs.o)
    0x00000964   0x00000964   0x00000006   Code   RO         1862    i.CS_startLFXT      msp432p4xx_driverlib.lib(cs.o)
    0x0000096a   0x0000096a   0x00000002   PAD
    0x0000096c   0x0000096c   0x000000a0   Code   RO         1863    i.CS_startLFXTWithTimeout  msp432p4xx_driverlib.lib(cs.o)
    0x00000a0c   0x00000a0c   0x00000090   Code   RO          441    i.DMA_INT1_IRQHandler  adc.o
    0x00000a9c   0x00000a9c   0x00000018   Code   RO         2063    i.DMA_clearInterruptFlag  msp432p4xx_driverlib.lib(dma.o)
    0x00000ab4   0x00000ab4   0x00000014   Code   RO         2068    i.DMA_enableChannel  msp432p4xx_driverlib.lib(dma.o)
    0x00000ac8   0x00000ac8   0x00000080   Code   RO         2085    i.DMA_setChannelTransfer  msp432p4xx_driverlib.lib(dma.o)
    0x00000b48   0x00000b48   0x000001a4   Code   RO         1237    i.DrawBitmap        oled_draw.o
    0x00000cec   0x00000cec   0x0000000e   Code   RO         1144    i.DriverInit        oled_config.o
    0x00000cfa   0x00000cfa   0x00000002   PAD
    0x00000cfc   0x00000cfc   0x0000000c   Code   RO         1109    i.GetDrawColor      oled_color.o
    0x00000d08   0x00000d08   0x00000058   Code   RO         1447    i.I2C_Configuration  oled_driver.o
    0x00000d60   0x00000d60   0x00000040   Code   RO         2274    i.I2C_masterSendMultiByteFinishWithTimeout  msp432p4xx_driverlib.lib(i2c.o)
    0x00000da0   0x00000da0   0x0000003c   Code   RO         2278    i.I2C_masterSendMultiByteStartWithTimeout  msp432p4xx_driverlib.lib(i2c.o)
    0x00000ddc   0x00000ddc   0x00000004   Code   RO          881    i.InitGraph         oled_basic.o
    0x00000de0   0x00000de0   0x00000014   Code   RO          485    i.LED_B_Tog         led.o
    0x00000df4   0x00000df4   0x00000014   Code   RO          489    i.LED_G_Tog         led.o
    0x00000e08   0x00000e08   0x00000038   Code   RO          490    i.LED_Init          led.o
    0x00000e40   0x00000e40   0x00000014   Code   RO          497    i.LED_R_Tog         led.o
    0x00000e54   0x00000e54   0x00000012   Code   RO          500    i.LED_W_Tog         led.o
    0x00000e66   0x00000e66   0x00000034   Code   RO         1448    i.OLED_CLS          oled_driver.o
    0x00000e9a   0x00000e9a   0x00000002   PAD
    0x00000e9c   0x00000e9c   0x00000068   Code   RO         1449    i.OLED_FILL         oled_driver.o
    0x00000f04   0x00000f04   0x00000166   Code   RO         1450    i.OLED_Init         oled_driver.o
    0x0000106a   0x0000106a   0x00000002   PAD
    0x0000106c   0x0000106c   0x00000020   Code   RO         1037    i.ReadByteBuffer    oled_buffer.o
    0x0000108c   0x0000108c   0x00000014   Code   RO         1453    i.SelectDownOLED    oled_driver.o
    0x000010a0   0x000010a0   0x00000014   Code   RO         1454    i.SelectUpOLED      oled_driver.o
    0x000010b4   0x000010b4   0x00000010   Code   RO         3056    i.SysCtl_A_disableNMISource  msp432p4xx_driverlib.lib(sysctl_a.o)
    0x000010c4   0x000010c4   0x00000010   Code   RO         3061    i.SysCtl_A_enableNMISource  msp432p4xx_driverlib.lib(sysctl_a.o)
    0x000010d4   0x000010d4   0x00000010   Code   RO         3067    i.SysCtl_A_getNMISourceStatus  msp432p4xx_driverlib.lib(sysctl_a.o)
    0x000010e4   0x000010e4   0x00000048   Code   RO         3069    i.SysCtl_A_getTLVInfo  msp432p4xx_driverlib.lib(sysctl_a.o)
    0x0000112c   0x0000112c   0x0000008c   Code   RO          782    i.SysInit           sysinit.o
    0x000011b8   0x000011b8   0x00000060   Code   RO            5    i.SystemInit        system_msp432p401r.o
    0x00001218   0x00001218   0x000000a4   Code   RO          606    i.TA2_N_IRQHandler  tima.o
    0x000012bc   0x000012bc   0x0000000c   Code   RO         2532    i.Timer_A_clearInterruptFlag  msp432p4xx_driverlib.lib(timer_a.o)
    0x000012c8   0x000012c8   0x0000000a   Code   RO         2556    i.Timer_A_stopTimer  msp432p4xx_driverlib.lib(timer_a.o)
    0x000012d2   0x000012d2   0x00000092   Code   RO         2727    i.UART_initModule   msp432p4xx_driverlib.lib(uart.o)
    0x00001364   0x00001364   0x00000016   Code   RO         2736    i.UART_transmitData  msp432p4xx_driverlib.lib(uart.o)
    0x0000137a   0x0000137a   0x00000004   Code   RO          887    i.UpdateScreen      oled_basic.o
    0x0000137e   0x0000137e   0x00000002   PAD
    0x00001380   0x00001380   0x0000000c   Code   RO         1146    i.UpdateScreenBuffer  oled_config.o
    0x0000138c   0x0000138c   0x00000004   Code   RO         1042    i.UpdateScreenDisplay  oled_buffer.o
    0x00001390   0x00001390   0x00000020   Code   RO         1043    i.WriteByteBuffer   oled_buffer.o
    0x000013b0   0x000013b0   0x00000024   Code   RO         1455    i.WriteCmd          oled_driver.o
    0x000013d4   0x000013d4   0x00000024   Code   RO         1456    i.WriteDat          oled_driver.o
    0x000013f8   0x000013f8   0x000000c0   Code   RO         1866    i._CSComputeCLKFrequency  msp432p4xx_driverlib.lib(cs.o)
    0x000014b8   0x000014b8   0x00000098   Code   RO         1867    i._CSGetHFXTFrequency  msp432p4xx_driverlib.lib(cs.o)
    0x00001550   0x00001550   0x00000020   Code   RO         3586    i.__0printf         mc_w.l(printfa.o)
    0x00001570   0x00001570   0x0000000e   Code   RO         3733    i.__scatterload_copy  mc_w.l(handlers.o)
    0x0000157e   0x0000157e   0x00000002   Code   RO         3734    i.__scatterload_null  mc_w.l(handlers.o)
    0x00001580   0x00001580   0x0000000e   Code   RO         3735    i.__scatterload_zeroinit  mc_w.l(handlers.o)
    0x0000158e   0x0000158e   0x00000002   PAD
    0x00001590   0x00001590   0x00000184   Code   RO         3593    i._fp_digits        mc_w.l(printfa.o)
    0x00001714   0x00001714   0x000006dc   Code   RO         3594    i._printf_core      mc_w.l(printfa.o)
    0x00001df0   0x00001df0   0x00000024   Code   RO         3595    i._printf_post_padding  mc_w.l(printfa.o)
    0x00001e14   0x00001e14   0x0000002e   Code   RO         3596    i._printf_pre_padding  mc_w.l(printfa.o)
    0x00001e42   0x00001e42   0x00000010   Code   RO          806    i.bitPosition       baudrate_calculate.o
    0x00001e52   0x00001e52   0x00000002   PAD
    0x00001e54   0x00001e54   0x00000028   Code   RO          836    i.delay_init        delay.o
    0x00001e7c   0x00001e7c   0x00000018   Code   RO          837    i.delay_ms          delay.o
    0x00001e94   0x00001e94   0x00000034   Code   RO          838    i.delay_us          delay.o
    0x00001ec8   0x00001ec8   0x0000012c   Code   RO          807    i.eusci_calcBaudDividers  baudrate_calculate.o
    0x00001ff4   0x00001ff4   0x00000014   Code   RO          739    i.fputc             usart.o
    0x00002008   0x00002008   0x0000005c   Code   RO           81    i.main              main.o
    0x00002064   0x00002064   0x00000004   Code   RO          892    i.pgm_read_byte     oled_basic.o
    0x00002068   0x00002068   0x0000004c   Code   RO          740    i.uart_init         usart.o
    0x000020b4   0x000020b4   0x00000028   Data   RO          741    .constdata          usart.o
    0x000020dc   0x000020dc   0x00000400   Data   RO         1019    .constdata          oled_bmp.o
    0x000024dc   0x000024dc   0x00000014   Data   RO         1457    .constdata          oled_driver.o
    0x000024f0   0x000024f0   0x00000020   Data   RO         3731    Region$$Table       anon$$obj.o


    Execution Region RW_IRAM1 (Exec base: 0x20000000, Load base: 0x00002510, Size: 0x00001810, Max: 0x00010000, ABSOLUTE)

    Exec Addr    Load Addr    Size         Type   Attr      Idx    E Section Name        Object

    0x20000000   0x00002510   0x00000002   Data   RW          444    .data               adc.o
    0x20000002   0x00002512   0x00000008   Data   RW          611    .data               tima.o
    0x2000000a   0x0000251a   0x00000002   PAD
    0x2000000c   0x0000251c   0x00000004   Data   RW          742    .data               usart.o
    0x20000010   0x00002520   0x00000001   Data   RW          839    .data               delay.o
    0x20000011   0x00002521   0x00000001   Data   RW         1045    .data               oled_buffer.o
    0x20000012   0x00002522   0x00000002   Data   RW         1113    .data               oled_color.o
    0x20000014   0x00002524   0x00000008   Data   RW         1868    .data               msp432p4xx_driverlib.lib(cs.o)
    0x2000001c   0x0000252c   0x000003e4   PAD
    0x20000400        -       0x00000a00   Zero   RW          443    .bss                adc.o
    0x20000e00        -       0x0000000a   Zero   RW          609    .bss                tima.o
    0x20000e0a        -       0x00000800   Zero   RW         1044    .bss                oled_buffer.o
    0x2000160a   0x0000252c   0x00000006   PAD
    0x20001610        -       0x00000200   Zero   RW           71    STACK               startup_msp432p401r_uvision.o


==============================================================================

Image component sizes


      Code (inc. data)   RO Data    RW Data    ZI Data      Debug   Object Name

       144         24          0          2       2560       1392   adc.o
        60          8          0          0          0        544   baseboard.o
       316         18          0          0          0       2263   baudrate_calculate.o
       116         16          0          1          0       1807   delay.o
         0          0          0          0          0      14524   gamea.o
       134         28          0          0          0       3221   led.o
        92         20          0          0          0        547   main.o
        12          0          0          0          0       2304   oled_basic.o
         0          0       1024          0          0        875   oled_bmp.o
        68         24          0          1       2048       2661   oled_buffer.o
        12          6          0          2          0        735   oled_color.o
        26          6          0          0          0       1030   oled_config.o
       420          0          0          0          0       1405   oled_draw.o
       714         50         20          0          0       5211   oled_driver.o
        36          8        324          0        512        848   startup_msp432p401r_uvision.o
       140         14          0          0          0        542   sysinit.o
        96         20          0          0          0       5069   system_msp432p401r.o
       164         18          0          8         10       7203   tima.o
        96         16         40          4          0       2966   usart.o

    ----------------------------------------------------------------------
      2656        276       1440         20       5136      55147   Object Totals
         0          0         32          0          0          0   (incl. Generated)
        10          0          0          2          6          0   (incl. Padding)

    ----------------------------------------------------------------------

      Code (inc. data)   RO Data    RW Data    ZI Data      Debug   Library Member Name

         0          0          0          0          0          0   entry.o
         0          0          0          0          0          0   entry10a.o
         0          0          0          0          0          0   entry11a.o
         8          4          0          0          0          0   entry2.o
         4          0          0          0          0          0   entry5.o
         0          0          0          0          0          0   entry7b.o
         0          0          0          0          0          0   entry8b.o
         8          4          0          0          0          0   entry9a.o
        30          0          0          0          0          0   handlers.o
        36          8          0          0          0         68   init.o
         0          0          0          0          0          0   iusefp.o
        30          0          0          0          0         68   llshl.o
        36          0          0          0          0         68   llsshr.o
        32          0          0          0          0         68   llushr.o
        36          0          0          0          0         68   memcpya.o
      2258         90          0          0          0        452   printfa.o
        44          0          0          0          0         80   uidiv.o
        98          0          0          0          0         92   uldiv.o
        48          0          0          0          0         68   cdrcmple.o
       334          0          0          0          0        148   dadd.o
       222          0          0          0          0        100   ddiv.o
       186          0          0          0          0        176   depilogue.o
        48          0          0          0          0         68   dfixul.o
       228          0          0          0          0         96   dmul.o
        28          4          0          0          0       3727   adc14.o
      1064        170          0          8          0      13545   cs.o
       172         16          0          0          0       7622   dma.o
       124          0          0          0          0       1849   i2c.o
       120         26          0          0          0       3378   sysctl_a.o
        22          0          0          0          0       1221   timer_a.o
       168          0          0          0          0       5848   uart.o

    ----------------------------------------------------------------------
      5392        322          0          8        996      38810   Library Totals
         8          0          0          0        996          0   (incl. Padding)

    ----------------------------------------------------------------------

      Code (inc. data)   RO Data    RW Data    ZI Data      Debug   Library Name

      2620        106          0          0          0        964   mc_w.l
      1066          0          0          0          0        656   mf_w.l
      1698        216          0          8          0      37190   msp432p4xx_driverlib.lib

    ----------------------------------------------------------------------
      5392        322          0          8        996      38810   Library Totals

    ----------------------------------------------------------------------

==============================================================================


      Code (inc. data)   RO Data    RW Data    ZI Data      Debug   

      8048        598       1440         28       6132      87829   Grand Totals
      8048        598       1440         28       6132      87829   ELF Image Totals
      8048        598       1440         28          0          0   ROM Totals

==============================================================================

    Total RO  Size (Code + RO Data)                 9488 (   9.27kB)
    Total RW  Size (RW Data + ZI Data)              6160 (   6.02kB)
    Total ROM Size (Code + RO Data + RW Data)       9516 (   9.29kB)

==============================================================================

